Archive member included to satisfy reference by file (symbol)

/usr/local/src/arm-gnu-toolchain-13.2/bin/../lib/gcc/arm-none-eabi/13.2.1/../../../../arm-none-eabi/lib/thumb/v7-m/nofp/libc_nano.a(libc_a-exit.o)
                              /usr/local/src/arm-gnu-toolchain-13.2/bin/../lib/gcc/arm-none-eabi/13.2.1/../../../../arm-none-eabi/lib/thumb/v7-m/nofp/crt0.o (exit)
/usr/local/src/arm-gnu-toolchain-13.2/bin/../lib/gcc/arm-none-eabi/13.2.1/../../../../arm-none-eabi/lib/thumb/v7-m/nofp/libc_nano.a(libc_a-init.o)
                              /usr/local/src/arm-gnu-toolchain-13.2/bin/../lib/gcc/arm-none-eabi/13.2.1/../../../../arm-none-eabi/lib/thumb/v7-m/nofp/crt0.o (__libc_init_array)
/usr/local/src/arm-gnu-toolchain-13.2/bin/../lib/gcc/arm-none-eabi/13.2.1/../../../../arm-none-eabi/lib/thumb/v7-m/nofp/libc_nano.a(libc_a-setjmp.o)
                              build/unity.o (setjmp)
/usr/local/src/arm-gnu-toolchain-13.2/bin/../lib/gcc/arm-none-eabi/13.2.1/../../../../arm-none-eabi/lib/thumb/v7-m/nofp/libc_nano.a(libc_a-strcmp.o)
                              build/unity_fixture.o (strcmp)
/usr/local/src/arm-gnu-toolchain-13.2/bin/../lib/gcc/arm-none-eabi/13.2.1/../../../../arm-none-eabi/lib/thumb/v7-m/nofp/libc_nano.a(libc_a-memcpy-stub.o)
                              build/flash_driver.o (memcpy)
/usr/local/src/arm-gnu-toolchain-13.2/bin/../lib/gcc/arm-none-eabi/13.2.1/../../../../arm-none-eabi/lib/thumb/v7-m/nofp/libc_nano.a(libc_a-malloc.o)
                              build/flash_driver.o (malloc)
/usr/local/src/arm-gnu-toolchain-13.2/bin/../lib/gcc/arm-none-eabi/13.2.1/../../../../arm-none-eabi/lib/thumb/v7-m/nofp/libc_nano.a(libc_a-mallocr.o)
                              /usr/local/src/arm-gnu-toolchain-13.2/bin/../lib/gcc/arm-none-eabi/13.2.1/../../../../arm-none-eabi/lib/thumb/v7-m/nofp/libc_nano.a(libc_a-malloc.o) (_malloc_r)
/usr/local/src/arm-gnu-toolchain-13.2/bin/../lib/gcc/arm-none-eabi/13.2.1/../../../../arm-none-eabi/lib/thumb/v7-m/nofp/libc_nano.a(libc_a-findfp.o)
                              /usr/local/src/arm-gnu-toolchain-13.2/bin/../lib/gcc/arm-none-eabi/13.2.1/../../../../arm-none-eabi/lib/thumb/v7-m/nofp/libc_nano.a(libc_a-exit.o) (__stdio_exit_handler)
/usr/local/src/arm-gnu-toolchain-13.2/bin/../lib/gcc/arm-none-eabi/13.2.1/../../../../arm-none-eabi/lib/thumb/v7-m/nofp/libc_nano.a(libc_a-stdio.o)
                              /usr/local/src/arm-gnu-toolchain-13.2/bin/../lib/gcc/arm-none-eabi/13.2.1/../../../../arm-none-eabi/lib/thumb/v7-m/nofp/libc_nano.a(libc_a-findfp.o) (__sread)
/usr/local/src/arm-gnu-toolchain-13.2/bin/../lib/gcc/arm-none-eabi/13.2.1/../../../../arm-none-eabi/lib/thumb/v7-m/nofp/libc_nano.a(libc_a-mlock.o)
                              /usr/local/src/arm-gnu-toolchain-13.2/bin/../lib/gcc/arm-none-eabi/13.2.1/../../../../arm-none-eabi/lib/thumb/v7-m/nofp/libc_nano.a(libc_a-mallocr.o) (__malloc_lock)
/usr/local/src/arm-gnu-toolchain-13.2/bin/../lib/gcc/arm-none-eabi/13.2.1/../../../../arm-none-eabi/lib/thumb/v7-m/nofp/libc_nano.a(libc_a-strstr.o)
                              build/unity_fixture.o (strstr)
/usr/local/src/arm-gnu-toolchain-13.2/bin/../lib/gcc/arm-none-eabi/13.2.1/../../../../arm-none-eabi/lib/thumb/v7-m/nofp/libc_nano.a(libc_a-readr.o)
                              /usr/local/src/arm-gnu-toolchain-13.2/bin/../lib/gcc/arm-none-eabi/13.2.1/../../../../arm-none-eabi/lib/thumb/v7-m/nofp/libc_nano.a(libc_a-stdio.o) (_read_r)
/usr/local/src/arm-gnu-toolchain-13.2/bin/../lib/gcc/arm-none-eabi/13.2.1/../../../../arm-none-eabi/lib/thumb/v7-m/nofp/libc_nano.a(libc_a-sbrkr.o)
                              /usr/local/src/arm-gnu-toolchain-13.2/bin/../lib/gcc/arm-none-eabi/13.2.1/../../../../arm-none-eabi/lib/thumb/v7-m/nofp/libc_nano.a(libc_a-mallocr.o) (_sbrk_r)
/usr/local/src/arm-gnu-toolchain-13.2/bin/../lib/gcc/arm-none-eabi/13.2.1/../../../../arm-none-eabi/lib/thumb/v7-m/nofp/libc_nano.a(libc_a-writer.o)
                              /usr/local/src/arm-gnu-toolchain-13.2/bin/../lib/gcc/arm-none-eabi/13.2.1/../../../../arm-none-eabi/lib/thumb/v7-m/nofp/libc_nano.a(libc_a-stdio.o) (_write_r)
/usr/local/src/arm-gnu-toolchain-13.2/bin/../lib/gcc/arm-none-eabi/13.2.1/../../../../arm-none-eabi/lib/thumb/v7-m/nofp/libc_nano.a(libc_a-fwalk.o)
                              /usr/local/src/arm-gnu-toolchain-13.2/bin/../lib/gcc/arm-none-eabi/13.2.1/../../../../arm-none-eabi/lib/thumb/v7-m/nofp/libc_nano.a(libc_a-findfp.o) (_fwalk_sglue)
/usr/local/src/arm-gnu-toolchain-13.2/bin/../lib/gcc/arm-none-eabi/13.2.1/../../../../arm-none-eabi/lib/thumb/v7-m/nofp/libc_nano.a(libc_a-memset.o)
                              /usr/local/src/arm-gnu-toolchain-13.2/bin/../lib/gcc/arm-none-eabi/13.2.1/../../../../arm-none-eabi/lib/thumb/v7-m/nofp/crt0.o (memset)
/usr/local/src/arm-gnu-toolchain-13.2/bin/../lib/gcc/arm-none-eabi/13.2.1/../../../../arm-none-eabi/lib/thumb/v7-m/nofp/libc_nano.a(libc_a-freer.o)
[...]
Memory Configuration

Name             Origin             Length             Attributes
RAM              0x20000000         0x00005000         xrw
FLASH            0x08000000         0x00010000         xr
*default*        0x00000000         0xffffffff

Linker script and memory map

LOAD /usr/local/src/arm-gnu-toolchain-13.2/bin/../lib/gcc/arm-none-eabi/13.2.1/thumb/v7-m/nofp/crti.o
LOAD /usr/local/src/arm-gnu-toolchain-13.2/bin/../lib/gcc/arm-none-eabi/13.2.1/thumb/v7-m/nofp/crtbegin.o
LOAD /usr/local/src/arm-gnu-toolchain-13.2/bin/../lib/gcc/arm-none-eabi/13.2.1/../../../../arm-none-eabi/lib/thumb/v7-m/nofp/crt0.o
LOAD build/flash_driver.o
LOAD build/unity.o
LOAD build/unity_fixture.o
LOAD build/unity_memory.o
LOAD build/target_tests.o
LOAD build/flash_driver_test_runner.o
LOAD build/flash_driver_test.o
LOAD build/flash_driver_io.o
LOAD build/stm32f1xx_it.o
LOAD build/stm32f1xx_hal_msp.o
LOAD build/stm32f1xx_hal_gpio_ex.o
LOAD build/stm32f1xx_hal_spi.o
LOAD build/stm32f1xx_hal.o
LOAD build/stm32f1xx_hal_rcc.o
LOAD build/stm32f1xx_hal_rcc_ex.o
LOAD build/stm32f1xx_hal_gpio.o
LOAD build/stm32f1xx_hal_dma.o
LOAD build/stm32f1xx_hal_cortex.o
LOAD build/stm32f1xx_hal_pwr.o
LOAD build/stm32f1xx_hal_flash.o
LOAD build/stm32f1xx_hal_flash_ex.o
LOAD build/stm32f1xx_hal_exti.o
LOAD build/stm32f1xx_hal_tim.o
LOAD build/stm32f1xx_hal_tim_ex.o
LOAD build/system_stm32f1xx.o
LOAD build/stm32f1xx_hal_uart.o
LOAD build/startup_stm32f103xb.o
LOAD /usr/local/src/arm-gnu-toolchain-13.2/bin/../lib/gcc/arm-none-eabi/13.2.1/../../../../arm-none-eabi/lib/thumb/v7-m/nofp/libc_nano.a
LOAD /usr/local/src/arm-gnu-toolchain-13.2/bin/../lib/gcc/arm-none-eabi/13.2.1/../../../../arm-none-eabi/lib/thumb/v7-m/nofp/libm.a
LOAD /usr/local/src/arm-gnu-toolchain-13.2/bin/../lib/gcc/arm-none-eabi/13.2.1/../../../../arm-none-eabi/lib/thumb/v7-m/nofp/libnosys.a
START GROUP
LOAD /usr/local/src/arm-gnu-toolchain-13.2/bin/../lib/gcc/arm-none-eabi/13.2.1/thumb/v7-m/nofp/libgcc.a
LOAD /usr/local/src/arm-gnu-toolchain-13.2/bin/../lib/gcc/arm-none-eabi/13.2.1/../../../../arm-none-eabi/lib/thumb/v7-m/nofp/libc_nano.a
END GROUP
START GROUP
LOAD /usr/local/src/arm-gnu-toolchain-13.2/bin/../lib/gcc/arm-none-eabi/13.2.1/thumb/v7-m/nofp/libgcc.a
LOAD /usr/local/src/arm-gnu-toolchain-13.2/bin/../lib/gcc/arm-none-eabi/13.2.1/../../../../arm-none-eabi/lib/thumb/v7-m/nofp/libc_nano.a
END GROUP
LOAD /usr/local/src/arm-gnu-toolchain-13.2/bin/../lib/gcc/arm-none-eabi/13.2.1/thumb/v7-m/nofp/crtend.o
LOAD /usr/local/src/arm-gnu-toolchain-13.2/bin/../lib/gcc/arm-none-eabi/13.2.1/thumb/v7-m/nofp/crtn.o
                0x20005000                        _estack = (ORIGIN (RAM) + LENGTH (RAM))
                0x00000200                        _Min_Heap_Size = 0x200
                0x00000400                        _Min_Stack_Size = 0x400

.isr_vector     0x08000000      0x10c
                0x08000000                        . = ALIGN (0x4)
 *(.isr_vector)
 .isr_vector    0x08000000      0x10c build/startup_stm32f103xb.o
                0x08000000                g_pfnVectors
                0x0800010c                        . = ALIGN (0x4)

.text           0x0800010c     0x3714
                0x0800010c                        . = ALIGN (0x4)
 *(.text)
 .text          0x0800010c       0x1c /usr/local/src/arm-gnu-toolchain-13.2/bin/../lib/gcc/arm-none-eabi/13.2.1/../../../../arm-none-eabi/lib/thumb/v7-m/nofp/libc_nano.a(libc_a-setjmp.o)
                0x0800010c                setjmp
                0x08000118                longjmp
 .text          0x08000128       0x14 /usr/local/src/arm-gnu-toolchain-13.2/bin/../lib/gcc/arm-none-eabi/13.2.1/../../../../arm-none-eabi/lib/thumb/v7-m/nofp/libc_nano.a(libc_a-strcmp.o)
                0x08000128                strcmp
 .text          0x0800013c      0x1ac /usr/local/src/arm-gnu-toolchain-13.2/bin/../lib/gcc/arm-none-eabi/13.2.1/thumb/v7-m/nofp/libgcc.a(libunwind.o)
                0x0800013c                __restore_core_regs
                0x0800013c                restore_core_regs
                0x08000154                __gnu_Unwind_Restore_VFP
                0x0800015c                __gnu_Unwind_Save_VFP
                0x08000164                __gnu_Unwind_Restore_VFP_D
                0x0800016c                __gnu_Unwind_Save_VFP_D
                0x08000174                __gnu_Unwind_Restore_VFP_D_16_to_31
                0x0800017c                __gnu_Unwind_Save_VFP_D_16_to_31
                0x08000184                __gnu_Unwind_Restore_WMMXD
                0x080001c8                __gnu_Unwind_Save_WMMXD
                0x0800020c                __gnu_Unwind_Restore_WMMXC
                0x08000220                __gnu_Unwind_Save_WMMXC
                0x08000234                ___Unwind_RaiseException
                0x08000234                _Unwind_RaiseException
                0x08000258                ___Unwind_Resume
                0x08000258                _Unwind_Resume
                0x0800027c                _Unwind_Resume_or_Rethrow
                0x0800027c                ___Unwind_Resume_or_Rethrow
                0x080002a0                ___Unwind_ForcedUnwind
                0x080002a0                _Unwind_ForcedUnwind
                0x080002c4                _Unwind_Backtrace
                0x080002c4                ___Unwind_Backtrace
 *(.text*)
 .text.deregister_tm_clones
                0x080002e8       0x1c /usr/local/src/arm-gnu-toolchain-13.2/bin/../lib/gcc/arm-none-eabi/13.2.1/thumb/v7-m/nofp/crtbegin.o
 .text.register_tm_clones
                0x08000304       0x24 /usr/local/src/arm-gnu-toolchain-13.2/bin/../lib/gcc/arm-none-eabi/13.2.1/thumb/v7-m/nofp/crtbegin.o
 .text.__do_global_dtors_aux
                0x08000328       0x28 /usr/local/src/arm-gnu-toolchain-13.2/bin/../lib/gcc/arm-none-eabi/13.2.1/thumb/v7-m/nofp/crtbegin.o
 .text.frame_dummy
                0x08000350       0x24 /usr/local/src/arm-gnu-toolchain-13.2/bin/../lib/gcc/arm-none-eabi/13.2.1/thumb/v7-m/nofp/crtbegin.o
 .text.flash_driver_write_enable
                0x08000374       0x28 build/flash_driver.o
 .text.flash_driver_is_busy
                0x0800039c       0x34 build/flash_driver.o
                0x0800039c                flash_driver_is_busy
 .text.flash_driver_check_link
                0x080003d0       0x50 build/flash_driver.o
                0x080003d0                flash_driver_check_link
 .text.flash_driver_write
                0x08000420       0xa4 build/flash_driver.o
                0x08000420                flash_driver_write
 .text.flash_driver_read
                0x080004c4       0x92 build/flash_driver.o
                0x080004c4                flash_driver_read
 .text.flash_driver_sector_erase
                0x08000556       0x5e build/flash_driver.o
                0x08000556                flash_driver_sector_erase
 .text.UnityPrintNumberUnsigned
                0x080005b4       0x48 build/unity.o
                0x080005b4                UnityPrintNumberUnsigned
 .text.UnityPrintNumber
                0x080005fc       0x18 build/unity.o
                0x080005fc                UnityPrintNumber
 .text.UnityPrintNumberHex
                0x08000614       0x34 build/unity.o
                0x08000614                UnityPrintNumberHex
 .text.UnityPrintChar
                0x08000648       0x50 build/unity.o
 .text.UnityPrint
                0x08000698       0x18 build/unity.o
                0x08000698                UnityPrint
 .text.UnityTestResultsBegin
                0x080006b0       0x30 build/unity.o
 .text.UnityTestResultsFailBegin
                0x080006e0       0x24 build/unity.o
 .text.UnityAddMsgIfSpecified
                0x08000704       0x50 build/unity.o
 .text.UnityIsOneArrayNull
                0x08000754       0x48 build/unity.o
 .text.UnityPrintNumberByStyle
                0x0800079c       0x92 build/unity.o
                0x0800079c                UnityPrintNumberByStyle
 *fill*         0x0800082e        0x2 
 .text.UnityAssertEqualNumber
                0x08000830       0x6c build/unity.o
                0x08000830                UnityAssertEqualNumber
 .text.UnityAssertEqualIntArray
                0x0800089c      0x12c build/unity.o
                0x0800089c                UnityAssertEqualIntArray
 .text.UnityBegin
                0x080009c8       0x20 build/unity.o
                0x080009c8                UnityBegin
 .text.UnityEnd
                0x080009e8       0x94 build/unity.o
                0x080009e8                UnityEnd
 .text.announceTestRun
                0x08000a7c       0x38 build/unity_fixture.o
 .text.selected
                0x08000ab4       0x1a build/unity_fixture.o
 *fill*         0x08000ace        0x2 
 .text.testSelected
                0x08000ad0       0x14 build/unity_fixture.o
 .text.groupSelected
                0x08000ae4       0x14 build/unity_fixture.o
 .text.UnityPointer_Init
                0x08000af8        0xc build/unity_fixture.o
                0x08000af8                UnityPointer_Init
 .text.UnityPointer_UndoAllSets
                0x08000b04       0x28 build/unity_fixture.o
                0x08000b04                UnityPointer_UndoAllSets
 .text.UnityGetCommandLineOptions
                0x08000b2c      0x23c build/unity_fixture.o
                0x08000b2c                UnityGetCommandLineOptions
 .text.UnityMain
                0x08000d68       0x50 build/unity_fixture.o
                0x08000d68                UnityMain
 .text.UnityConcludeFixtureTest
                0x08000db8       0x74 build/unity_fixture.o
                0x08000db8                UnityConcludeFixtureTest
 .text.UnityTestRunner
                0x08000e2c       0x98 build/unity_fixture.o
                0x08000e2c                UnityTestRunner
 .text.run_all_tests
                0x08000ec4        0x8 build/target_tests.o
 .text.MX_GPIO_Init
                0x08000ecc       0x60 build/target_tests.o
 .text.unity_config_put_c
                0x08000f2c       0x20 build/target_tests.o
                0x08000f2c                unity_config_put_c
 .text._kill    0x08000f4c        0x6 build/target_tests.o
                0x08000f4c                _kill
 .text._getpid  0x08000f52        0x4 build/target_tests.o
                0x08000f52                _getpid
 .text._exit    0x08000f56        0x2 build/target_tests.o
                0x08000f56                _exit
 .text.Error_Handler
                0x08000f58        0x4 build/target_tests.o
                0x08000f58                Error_Handler
 .text.MX_SPI1_Init
                0x08000f5c       0x40 build/target_tests.o
 .text.MX_USART1_UART_Init
                0x08000f9c       0x34 build/target_tests.o
 .text.SystemClock_Config
                0x08000fd0       0x52 build/target_tests.o
                0x08000fd0                SystemClock_Config
 *fill*         0x08001022        0x2 
 .text.main     0x08001024       0x28 build/target_tests.o
                0x08001024                main
 .text.TEST_flash_driver_GROUP_RUNNER
                0x0800104c       0x14 build/flash_driver_test_runner.o
                0x0800104c                TEST_flash_driver_GROUP_RUNNER
 .text.TEST_flash_driver_SETUP
                0x08001060        0x2 build/flash_driver_test.o
                0x08001060                TEST_flash_driver_SETUP
 .text.TEST_flash_driver_TEAR_DOWN
                0x08001062        0x2 build/flash_driver_test.o
                0x08001062                TEST_flash_driver_TEAR_DOWN
 .text.TEST_flash_driver_check_link_success_
                0x08001064       0x1e build/flash_driver_test.o
                0x08001064                TEST_flash_driver_check_link_success_
 *fill*         0x08001082        0x2 
 .text.TEST_flash_driver_random_write_and_read_byte_success_
                0x08001084       0x6c build/flash_driver_test.o
                0x08001084                TEST_flash_driver_random_write_and_read_byte_success_
 .text.TEST_flash_driver_write_and_read_page_success_
                0x080010f0       0x80 build/flash_driver_test.o
                0x080010f0                TEST_flash_driver_write_and_read_page_success_
 .text.TEST_flash_driver_write_and_read_multiple_pages_success_
                0x08001170       0xd4 build/flash_driver_test.o
                0x08001170                TEST_flash_driver_write_and_read_multiple_pages_success_
 .text.TEST_flash_driver_check_link_success_run
                0x08001244       0x44 build/flash_driver_test.o
                0x08001244                TEST_flash_driver_check_link_success_run
 .text.TEST_flash_driver_random_write_and_read_byte_success_run
                0x08001288       0x44 build/flash_driver_test.o
                0x08001288                TEST_flash_driver_random_write_and_read_byte_success_run
 .text.TEST_flash_driver_write_and_read_page_success_run
                0x080012cc       0x44 build/flash_driver_test.o
                0x080012cc                TEST_flash_driver_write_and_read_page_success_run
 .text.TEST_flash_driver_write_and_read_multiple_pages_success_run
                0x08001310       0x44 build/flash_driver_test.o
                0x08001310                TEST_flash_driver_write_and_read_multiple_pages_success_run
 .text.flash_driver_io_write
                0x08001354       0x18 build/flash_driver_io.o
                0x08001354                flash_driver_io_write
 .text.flash_driver_io_write_read
                0x0800136c       0x24 build/flash_driver_io.o
                0x0800136c                flash_driver_io_write_read
 .text.flash_driver_select
                0x08001390       0x14 build/flash_driver_io.o
                0x08001390                flash_driver_select
 .text.NMI_Handler
                0x080013a4        0x2 build/stm32f1xx_it.o
                0x080013a4                NMI_Handler
 .text.HardFault_Handler
                0x080013a6        0x2 build/stm32f1xx_it.o
                0x080013a6                HardFault_Handler
 .text.MemManage_Handler
                0x080013a8        0x2 build/stm32f1xx_it.o
                0x080013a8                MemManage_Handler
 .text.BusFault_Handler
                0x080013aa        0x2 build/stm32f1xx_it.o
                0x080013aa                BusFault_Handler
 .text.UsageFault_Handler
                0x080013ac        0x2 build/stm32f1xx_it.o
                0x080013ac                UsageFault_Handler
 .text.SVC_Handler
                0x080013ae        0x2 build/stm32f1xx_it.o
                0x080013ae                SVC_Handler
 .text.DebugMon_Handler
                0x080013b0        0x2 build/stm32f1xx_it.o
                0x080013b0                DebugMon_Handler
 .text.PendSV_Handler
                0x080013b2        0x2 build/stm32f1xx_it.o
                0x080013b2                PendSV_Handler
 .text.SysTick_Handler
                0x080013b4        0x8 build/stm32f1xx_it.o
                0x080013b4                SysTick_Handler
 .text.HAL_MspInit
                0x080013bc       0x44 build/stm32f1xx_hal_msp.o
                0x080013bc                HAL_MspInit
 .text.HAL_SPI_MspInit
                0x08001400       0x74 build/stm32f1xx_hal_msp.o
                0x08001400                HAL_SPI_MspInit
 .text.HAL_UART_MspInit
                0x08001474       0x78 build/stm32f1xx_hal_msp.o
                0x08001474                HAL_UART_MspInit
 .text.SPI_WaitFlagStateUntilTimeout
                0x080014ec       0xc8 build/stm32f1xx_hal_spi.o
 .text.SPI_EndRxTxTransaction
                0x080015b4       0x24 build/stm32f1xx_hal_spi.o
 .text.HAL_SPI_Init
                0x080015d8       0xb6 build/stm32f1xx_hal_spi.o
                0x080015d8                HAL_SPI_Init
 .text.HAL_SPI_Transmit
                0x0800168e      0x1b8 build/stm32f1xx_hal_spi.o
                0x0800168e                HAL_SPI_Transmit
 .text.HAL_SPI_TransmitReceive
                0x08001846      0x244 build/stm32f1xx_hal_spi.o
                0x08001846                HAL_SPI_TransmitReceive
 *fill*         0x08001a8a        0x2 
 .text.HAL_InitTick
                0x08001a8c       0x4c build/stm32f1xx_hal.o
                0x08001a8c                HAL_InitTick
 .text.HAL_Init
                0x08001ad8       0x24 build/stm32f1xx_hal.o
                0x08001ad8                HAL_Init
 .text.HAL_IncTick
                0x08001afc       0x18 build/stm32f1xx_hal.o
                0x08001afc                HAL_IncTick
 .text.HAL_GetTick
                0x08001b14        0xc build/stm32f1xx_hal.o
                0x08001b14                HAL_GetTick
 .text.RCC_Delay
                0x08001b20       0x2c build/stm32f1xx_hal_rcc.o
 .text.HAL_RCC_OscConfig
                0x08001b4c      0x410 build/stm32f1xx_hal_rcc.o
                0x08001b4c                HAL_RCC_OscConfig
 .text.HAL_RCC_GetSysClockFreq
                0x08001f5c       0x54 build/stm32f1xx_hal_rcc.o
                0x08001f5c                HAL_RCC_GetSysClockFreq
 .text.HAL_RCC_ClockConfig
                0x08001fb0      0x16c build/stm32f1xx_hal_rcc.o
                0x08001fb0                HAL_RCC_ClockConfig
 .text.HAL_RCC_GetHCLKFreq
                0x0800211c        0xc build/stm32f1xx_hal_rcc.o
                0x0800211c                HAL_RCC_GetHCLKFreq
 .text.HAL_RCC_GetPCLK1Freq
                0x08002128       0x20 build/stm32f1xx_hal_rcc.o
                0x08002128                HAL_RCC_GetPCLK1Freq
 .text.HAL_RCC_GetPCLK2Freq
                0x08002148       0x20 build/stm32f1xx_hal_rcc.o
                0x08002148                HAL_RCC_GetPCLK2Freq
 .text.HAL_GPIO_Init
                0x08002168      0x21c build/stm32f1xx_hal_gpio.o
                0x08002168                HAL_GPIO_Init
 .text.HAL_GPIO_WritePin
                0x08002384        0xc build/stm32f1xx_hal_gpio.o
                0x08002384                HAL_GPIO_WritePin
 .text.__NVIC_SetPriority
                0x08002390       0x28 build/stm32f1xx_hal_cortex.o
 .text.NVIC_EncodePriority
                0x080023b8       0x3e build/stm32f1xx_hal_cortex.o
 *fill*         0x080023f6        0x2 
 .text.HAL_NVIC_SetPriorityGrouping
                0x080023f8       0x24 build/stm32f1xx_hal_cortex.o
                0x080023f8                HAL_NVIC_SetPriorityGrouping
 .text.HAL_NVIC_SetPriority
                0x0800241c       0x20 build/stm32f1xx_hal_cortex.o
                0x0800241c                HAL_NVIC_SetPriority
 .text.HAL_SYSTICK_Config
                0x0800243c       0x28 build/stm32f1xx_hal_cortex.o
                0x0800243c                HAL_SYSTICK_Config
 .text.SystemInit
                0x08002464        0x2 build/system_stm32f1xx.o
                0x08002464                SystemInit
 *fill*         0x08002466        0x2 
 .text.UART_SetConfig
                0x08002468       0x94 build/stm32f1xx_hal_uart.o
 .text.UART_WaitOnFlagUntilTimeout
                0x080024fc       0x84 build/stm32f1xx_hal_uart.o
 .text.HAL_UART_Init
                0x08002580       0x60 build/stm32f1xx_hal_uart.o
                0x08002580                HAL_UART_Init
 .text.HAL_UART_Transmit
                0x080025e0       0xbe build/stm32f1xx_hal_uart.o
                0x080025e0                HAL_UART_Transmit
 *fill*         0x0800269e        0x2 
 .text.Reset_Handler
                0x080026a0       0x48 build/startup_stm32f103xb.o
                0x080026a0                Reset_Handler
 .text.Default_Handler
                0x080026e8        0x2 build/startup_stm32f103xb.o
                0x080026e8                RTC_Alarm_IRQHandler
                0x080026e8                EXTI2_IRQHandler
                0x080026e8                TIM1_CC_IRQHandler
                0x080026e8                PVD_IRQHandler
                0x080026e8                EXTI3_IRQHandler
                0x080026e8                EXTI0_IRQHandler
                0x080026e8                I2C2_EV_IRQHandler
                0x080026e8                ADC1_2_IRQHandler
                0x080026e8                SPI1_IRQHandler
                0x080026e8                TAMPER_IRQHandler
                0x080026e8                DMA1_Channel4_IRQHandler
                0x080026e8                USART3_IRQHandler
                0x080026e8                RTC_IRQHandler
                0x080026e8                DMA1_Channel7_IRQHandler
                0x080026e8                CAN1_RX1_IRQHandler
                0x080026e8                TIM4_IRQHandler
                0x080026e8                I2C1_EV_IRQHandler
                0x080026e8                DMA1_Channel6_IRQHandler
                0x080026e8                TIM3_IRQHandler
                0x080026e8                RCC_IRQHandler
                0x080026e8                TIM1_TRG_COM_IRQHandler
                0x080026e8                DMA1_Channel1_IRQHandler
                0x080026e8                Default_Handler
                0x080026e8                EXTI15_10_IRQHandler
                0x080026e8                EXTI9_5_IRQHandler
                0x080026e8                SPI2_IRQHandler
                0x080026e8                DMA1_Channel5_IRQHandler
                0x080026e8                EXTI4_IRQHandler
                0x080026e8                USB_LP_CAN1_RX0_IRQHandler
                0x080026e8                USB_HP_CAN1_TX_IRQHandler
                0x080026e8                DMA1_Channel3_IRQHandler
                0x080026e8                TIM1_UP_IRQHandler
                0x080026e8                WWDG_IRQHandler
                0x080026e8                TIM2_IRQHandler
                0x080026e8                TIM1_BRK_IRQHandler
                0x080026e8                EXTI1_IRQHandler
                0x080026e8                USART2_IRQHandler
                0x080026e8                I2C2_ER_IRQHandler
                0x080026e8                DMA1_Channel2_IRQHandler
                0x080026e8                CAN1_SCE_IRQHandler
                0x080026e8                FLASH_IRQHandler
                0x080026e8                USART1_IRQHandler
                0x080026e8                I2C1_ER_IRQHandler
                0x080026e8                USBWakeUp_IRQHandler
 *fill*         0x080026ea        0x2 
 .text.__libc_init_array
                0x080026ec       0x48 /usr/local/src/arm-gnu-toolchain-13.2/bin/../lib/gcc/arm-none-eabi/13.2.1/../../../../arm-none-eabi/lib/thumb/v7-m/nofp/libc_nano.a(libc_a-init.o)
                0x080026ec                __libc_init_array
 .text.memcpy   0x08002734       0x1c /usr/local/src/arm-gnu-toolchain-13.2/bin/../lib/gcc/arm-none-eabi/13.2.1/../../../../arm-none-eabi/lib/thumb/v7-m/nofp/libc_nano.a(libc_a-memcpy-stub.o)
                0x08002734                memcpy
 .text.malloc   0x08002750       0x10 /usr/local/src/arm-gnu-toolchain-13.2/bin/../lib/gcc/arm-none-eabi/13.2.1/../../../../arm-none-eabi/lib/thumb/v7-m/nofp/libc_nano.a(libc_a-malloc.o)
                0x08002750                malloc
 .text.free     0x08002760       0x10 /usr/local/src/arm-gnu-toolchain-13.2/bin/../lib/gcc/arm-none-eabi/13.2.1/../../../../arm-none-eabi/lib/thumb/v7-m/nofp/libc_nano.a(libc_a-malloc.o)
                0x08002760                free
 .text.sbrk_aligned
                0x08002770       0x44 /usr/local/src/arm-gnu-toolchain-13.2/bin/../lib/gcc/arm-none-eabi/13.2.1/../../../../arm-none-eabi/lib/thumb/v7-m/nofp/libc_nano.a(libc_a-mallocr.o)
 .text._malloc_r
                0x080027b4      0x100 /usr/local/src/arm-gnu-toolchain-13.2/bin/../lib/gcc/arm-none-eabi/13.2.1/../../../../arm-none-eabi/lib/thumb/v7-m/nofp/libc_nano.a(libc_a-mallocr.o)
                0x080027b4                _malloc_r
 .text.__malloc_lock
                0x080028b4        0xc /usr/local/src/arm-gnu-toolchain-13.2/bin/../lib/gcc/arm-none-eabi/13.2.1/../../../../arm-none-eabi/lib/thumb/v7-m/nofp/libc_nano.a(libc_a-mlock.o)
                0x080028b4                __malloc_lock
 .text.__malloc_unlock
                0x080028c0        0xc /usr/local/src/arm-gnu-toolchain-13.2/bin/../lib/gcc/arm-none-eabi/13.2.1/../../../../arm-none-eabi/lib/thumb/v7-m/nofp/libc_nano.a(libc_a-mlock.o)
                0x080028c0                __malloc_unlock
 .text.strstr   0x080028cc       0x2c /usr/local/src/arm-gnu-toolchain-13.2/bin/../lib/gcc/arm-none-eabi/13.2.1/../../../../arm-none-eabi/lib/thumb/v7-m/nofp/libc_nano.a(libc_a-strstr.o)
                0x080028cc                strstr
 .text._sbrk_r  0x080028f8       0x20 /usr/local/src/arm-gnu-toolchain-13.2/bin/../lib/gcc/arm-none-eabi/13.2.1/../../../../arm-none-eabi/lib/thumb/v7-m/nofp/libc_nano.a(libc_a-sbrkr.o)
                0x080028f8                _sbrk_r
 .text.memset   0x08002918       0x10 /usr/local/src/arm-gnu-toolchain-13.2/bin/../lib/gcc/arm-none-eabi/13.2.1/../../../../arm-none-eabi/lib/thumb/v7-m/nofp/libc_nano.a(libc_a-memset.o)
                0x08002918                memset
 .text._free_r  0x08002928       0x90 /usr/local/src/arm-gnu-toolchain-13.2/bin/../lib/gcc/arm-none-eabi/13.2.1/../../../../arm-none-eabi/lib/thumb/v7-m/nofp/libc_nano.a(libc_a-freer.o)
                0x08002928                _free_r
 .text.__retarget_lock_acquire_recursive
                0x080029b8        0x2 /usr/local/src/arm-gnu-toolchain-13.2/bin/../lib/gcc/arm-none-eabi/13.2.1/../../../../arm-none-eabi/lib/thumb/v7-m/nofp/libc_nano.a(libc_a-lock.o)
                0x080029b8                __retarget_lock_acquire_recursive
 .text.__retarget_lock_release_recursive
                0x080029ba        0x2 /usr/local/src/arm-gnu-toolchain-13.2/bin/../lib/gcc/arm-none-eabi/13.2.1/../../../../arm-none-eabi/lib/thumb/v7-m/nofp/libc_nano.a(libc_a-lock.o)
                0x080029ba                __retarget_lock_release_recursive
 .text._sbrk    0x080029bc       0x1c /usr/local/src/arm-gnu-toolchain-13.2/bin/../lib/gcc/arm-none-eabi/13.2.1/../../../../arm-none-eabi/lib/thumb/v7-m/nofp/libnosys.a(sbrk.o)
                0x080029bc                _sbrk
 .text.selfrel_offset31
                0x080029d8       0x14 /usr/local/src/arm-gnu-toolchain-13.2/bin/../lib/gcc/arm-none-eabi/13.2.1/thumb/v7-m/nofp/libgcc.a(unwind-arm.o)
 .text.search_EIT_table
                0x080029ec       0x64 /usr/local/src/arm-gnu-toolchain-13.2/bin/../lib/gcc/arm-none-eabi/13.2.1/thumb/v7-m/nofp/libgcc.a(unwind-arm.o)
 .text.__gnu_unwind_get_pr_addr
                0x08002a50       0x28 /usr/local/src/arm-gnu-toolchain-13.2/bin/../lib/gcc/arm-none-eabi/13.2.1/thumb/v7-m/nofp/libgcc.a(unwind-arm.o)
 .text.get_eit_entry
                0x08002a78       0x98 /usr/local/src/arm-gnu-toolchain-13.2/bin/../lib/gcc/arm-none-eabi/13.2.1/thumb/v7-m/nofp/libgcc.a(unwind-arm.o)
 .text.restore_non_core_regs
                0x08002b10       0x58 /usr/local/src/arm-gnu-toolchain-13.2/bin/../lib/gcc/arm-none-eabi/13.2.1/thumb/v7-m/nofp/libgcc.a(unwind-arm.o)
 .text._Unwind_decode_typeinfo_ptr.constprop.0
                0x08002b68        0xc /usr/local/src/arm-gnu-toolchain-13.2/bin/../lib/gcc/arm-none-eabi/13.2.1/thumb/v7-m/nofp/libgcc.a(unwind-arm.o)
 .text._Unwind_DebugHook
                0x08002b74        0x4 /usr/local/src/arm-gnu-toolchain-13.2/bin/../lib/gcc/arm-none-eabi/13.2.1/thumb/v7-m/nofp/libgcc.a(unwind-arm.o)
 .text.unwind_phase2
                0x08002b78       0x40 /usr/local/src/arm-gnu-toolchain-13.2/bin/../lib/gcc/arm-none-eabi/13.2.1/thumb/v7-m/nofp/libgcc.a(unwind-arm.o)
 .text.unwind_phase2_forced
                0x08002bb8       0xe0 /usr/local/src/arm-gnu-toolchain-13.2/bin/../lib/gcc/arm-none-eabi/13.2.1/thumb/v7-m/nofp/libgcc.a(unwind-arm.o)
 .text.__gnu_Unwind_RaiseException
                0x08002c98       0x68 /usr/local/src/arm-gnu-toolchain-13.2/bin/../lib/gcc/arm-none-eabi/13.2.1/thumb/v7-m/nofp/libgcc.a(unwind-arm.o)
                0x08002c98                __gnu_Unwind_RaiseException
 .text.__gnu_Unwind_ForcedUnwind
                0x08002d00       0x18 /usr/local/src/arm-gnu-toolchain-13.2/bin/../lib/gcc/arm-none-eabi/13.2.1/thumb/v7-m/nofp/libgcc.a(unwind-arm.o)
                0x08002d00                __gnu_Unwind_ForcedUnwind
 .text.__gnu_Unwind_Resume
                0x08002d18       0x44 /usr/local/src/arm-gnu-toolchain-13.2/bin/../lib/gcc/arm-none-eabi/13.2.1/thumb/v7-m/nofp/libgcc.a(unwind-arm.o)
                0x08002d18                __gnu_Unwind_Resume
 .text.__gnu_Unwind_Resume_or_Rethrow
                0x08002d5c       0x18 /usr/local/src/arm-gnu-toolchain-13.2/bin/../lib/gcc/arm-none-eabi/13.2.1/thumb/v7-m/nofp/libgcc.a(unwind-arm.o)
                0x08002d5c                __gnu_Unwind_Resume_or_Rethrow
 .text._Unwind_VRS_Get
                0x08002d74       0x34 /usr/local/src/arm-gnu-toolchain-13.2/bin/../lib/gcc/arm-none-eabi/13.2.1/thumb/v7-m/nofp/libgcc.a(unwind-arm.o)
                0x08002d74                _Unwind_VRS_Get
 .text._Unwind_GetGR
                0x08002da8       0x1c /usr/local/src/arm-gnu-toolchain-13.2/bin/../lib/gcc/arm-none-eabi/13.2.1/thumb/v7-m/nofp/libgcc.a(unwind-arm.o)
 .text._Unwind_VRS_Set
                0x08002dc4       0x34 /usr/local/src/arm-gnu-toolchain-13.2/bin/../lib/gcc/arm-none-eabi/13.2.1/thumb/v7-m/nofp/libgcc.a(unwind-arm.o)
                0x08002dc4                _Unwind_VRS_Set
 .text._Unwind_SetGR
                0x08002df8       0x18 /usr/local/src/arm-gnu-toolchain-13.2/bin/../lib/gcc/arm-none-eabi/13.2.1/thumb/v7-m/nofp/libgcc.a(unwind-arm.o)
 .text.__gnu_Unwind_Backtrace
                0x08002e10       0x80 /usr/local/src/arm-gnu-toolchain-13.2/bin/../lib/gcc/arm-none-eabi/13.2.1/thumb/v7-m/nofp/libgcc.a(unwind-arm.o)
                0x08002e10                __gnu_Unwind_Backtrace
 .text.__gnu_unwind_pr_common
                0x08002e90      0x2a8 /usr/local/src/arm-gnu-toolchain-13.2/bin/../lib/gcc/arm-none-eabi/13.2.1/thumb/v7-m/nofp/libgcc.a(unwind-arm.o)
 .text.__aeabi_unwind_cpp_pr0
                0x08003138        0x8 /usr/local/src/arm-gnu-toolchain-13.2/bin/../lib/gcc/arm-none-eabi/13.2.1/thumb/v7-m/nofp/libgcc.a(unwind-arm.o)
                0x08003138                __aeabi_unwind_cpp_pr0
 .text.__aeabi_unwind_cpp_pr1
                0x08003140        0x8 /usr/local/src/arm-gnu-toolchain-13.2/bin/../lib/gcc/arm-none-eabi/13.2.1/thumb/v7-m/nofp/libgcc.a(unwind-arm.o)
                0x08003140                __aeabi_unwind_cpp_pr1
 .text.__aeabi_unwind_cpp_pr2
                0x08003148        0x8 /usr/local/src/arm-gnu-toolchain-13.2/bin/../lib/gcc/arm-none-eabi/13.2.1/thumb/v7-m/nofp/libgcc.a(unwind-arm.o)
                0x08003148                __aeabi_unwind_cpp_pr2
 .text._Unwind_VRS_Pop
                0x08003150      0x2ec /usr/local/src/arm-gnu-toolchain-13.2/bin/../lib/gcc/arm-none-eabi/13.2.1/thumb/v7-m/nofp/libgcc.a(unwind-arm.o)
                0x08003150                _Unwind_VRS_Pop
 .text.next_unwind_byte
                0x0800343c       0x38 /usr/local/src/arm-gnu-toolchain-13.2/bin/../lib/gcc/arm-none-eabi/13.2.1/thumb/v7-m/nofp/libgcc.a(pr-support.o)
 .text.__gnu_unwind_execute
                0x08003474      0x2fc /usr/local/src/arm-gnu-toolchain-13.2/bin/../lib/gcc/arm-none-eabi/13.2.1/thumb/v7-m/nofp/libgcc.a(pr-support.o)
                0x08003474                __gnu_unwind_execute
 .text.abort    0x08003770        0xe /usr/local/src/arm-gnu-toolchain-13.2/bin/../lib/gcc/arm-none-eabi/13.2.1/../../../../arm-none-eabi/lib/thumb/v7-m/nofp/libc_nano.a(libc_a-abort.o)
                0x08003770                abort
 .text._raise_r
                0x0800377e       0x50 /usr/local/src/arm-gnu-toolchain-13.2/bin/../lib/gcc/arm-none-eabi/13.2.1/../../../../arm-none-eabi/lib/thumb/v7-m/nofp/libc_nano.a(libc_a-signal.o)
                0x0800377e                _raise_r
 *fill*         0x080037ce        0x2 
 .text.raise    0x080037d0       0x10 /usr/local/src/arm-gnu-toolchain-13.2/bin/../lib/gcc/arm-none-eabi/13.2.1/../../../../arm-none-eabi/lib/thumb/v7-m/nofp/libc_nano.a(libc_a-signal.o)
                0x080037d0                raise
 .text._kill_r  0x080037e0       0x24 /usr/local/src/arm-gnu-toolchain-13.2/bin/../lib/gcc/arm-none-eabi/13.2.1/../../../../arm-none-eabi/lib/thumb/v7-m/nofp/libc_nano.a(libc_a-signalr.o)
                0x080037e0                _kill_r
 .text._getpid_r
                0x08003804        0x4 /usr/local/src/arm-gnu-toolchain-13.2/bin/../lib/gcc/arm-none-eabi/13.2.1/../../../../arm-none-eabi/lib/thumb/v7-m/nofp/libc_nano.a(libc_a-signalr.o)
                0x08003804                _getpid_r
 *(.glue_7)
 .glue_7        0x08003808        0x0 linker stubs
 *(.glue_7t)
 .glue_7t       0x08003808        0x0 linker stubs
 *(.eh_frame)
 .eh_frame      0x08003808        0x0 /usr/local/src/arm-gnu-toolchain-13.2/bin/../lib/gcc/arm-none-eabi/13.2.1/thumb/v7-m/nofp/crtbegin.o
 *(.init)
 .init          0x08003808        0x4 /usr/local/src/arm-gnu-toolchain-13.2/bin/../lib/gcc/arm-none-eabi/13.2.1/thumb/v7-m/nofp/crti.o
                0x08003808                _init
 .init          0x0800380c        0x8 /usr/local/src/arm-gnu-toolchain-13.2/bin/../lib/gcc/arm-none-eabi/13.2.1/thumb/v7-m/nofp/crtn.o
 *(.fini)
 .fini          0x08003814        0x4 /usr/local/src/arm-gnu-toolchain-13.2/bin/../lib/gcc/arm-none-eabi/13.2.1/thumb/v7-m/nofp/crti.o
                0x08003814                _fini
 .fini          0x08003818        0x8 /usr/local/src/arm-gnu-toolchain-13.2/bin/../lib/gcc/arm-none-eabi/13.2.1/thumb/v7-m/nofp/crtn.o
                0x08003820                        . = ALIGN (0x4)
                0x08003820                        _etext = .

.vfp11_veneer   0x08003820        0x0
 .vfp11_veneer  0x08003820        0x0 linker stubs

.v4_bx          0x08003820        0x0
 .v4_bx         0x08003820        0x0 linker stubs

.iplt           0x08003820        0x0
 .iplt          0x08003820        0x0 /usr/local/src/arm-gnu-toolchain-13.2/bin/../lib/gcc/arm-none-eabi/13.2.1/thumb/v7-m/nofp/crtbegin.o

.rodata         0x08003820      0x50c
                0x08003820                        . = ALIGN (0x4)
 *(.rodata)
 *(.rodata*)
 .rodata.UnityStrDetail2Name
                0x08003820        0xb build/unity.o
 *fill*         0x0800382b        0x1 
 .rodata.UnityStrDetail1Name
                0x0800382c        0xa build/unity.o
 *fill*         0x08003836        0x2 
 .rodata.UnityStrResultsIgnored
                0x08003838        0xa build/unity.o
 *fill*         0x08003842        0x2 
 .rodata.UnityStrResultsFailures
                0x08003844        0xb build/unity.o
 *fill*         0x0800384f        0x1 
 .rodata.UnityStrResultsTests
                0x08003850        0x8 build/unity.o
 .rodata.UnityStrBreaker
                0x08003858       0x18 build/unity.o
 .rodata.UnityStrNullPointerForActual
                0x08003870       0x19 build/unity.o
 *fill*         0x08003889        0x3 
 .rodata.UnityStrNullPointerForExpected
                0x0800388c       0x1d build/unity.o
 *fill*         0x080038a9        0x3 
 .rodata.UnityStrPointless
                0x080038ac       0x37 build/unity.o
 *fill*         0x080038e3        0x1 
 .rodata.UnityStrElement
                0x080038e4        0xa build/unity.o
 *fill*         0x080038ee        0x2 
 .rodata.UnityStrWas
                0x080038f0        0x6 build/unity.o
 *fill*         0x080038f6        0x2 
 .rodata.UnityStrExpected
                0x080038f8        0xb build/unity.o
 *fill*         0x08003903        0x1 
 .rodata.UnityStrSpacer
                0x08003904        0x3 build/unity.o
 *fill*         0x08003907        0x1 
 .rodata.UnityStrFail
                0x08003908        0x5 build/unity.o
                0x08003908                UnityStrFail
 *fill*         0x0800390d        0x3 
 .rodata.UnityStrPass
                0x08003910        0x5 build/unity.o
                0x08003910                UnityStrPass
 *fill*         0x08003915        0x3 
 .rodata.UnityStrOk
                0x08003918        0x3 build/unity.o
                0x08003918                UnityStrOk
 *fill*         0x0800391b        0x1 
 .rodata.announceTestRun.str1.4
                0x0800391c      0x3e2 build/unity_fixture.o
                                 0x15 (size before relaxing)
 .rodata.UnityGetCommandLineOptions.str1.4
                0x08003cfe      0x237 build/unity_fixture.o
 .rodata.UnityConcludeFixtureTest.str1.4
                0x08003cfe        0x2 build/unity_fixture.o
 .rodata.TEST_flash_driver_check_link_success_run.str1.4
                0x08003cfe       0x7d build/flash_driver_test.o
 .rodata.TEST_flash_driver_random_write_and_read_byte_success_run.str1.4
                0x08003cfe       0x5b build/flash_driver_test.o
 .rodata.TEST_flash_driver_write_and_read_page_success_run.str1.4
                0x08003cfe       0x4c build/flash_driver_test.o
 .rodata.TEST_flash_driver_write_and_read_multiple_pages_success_run.str1.4
                0x08003cfe       0x62 build/flash_driver_test.o
 *fill*         0x08003cfe        0x2 
 .rodata.aPredivFactorTable.0
                0x08003d00        0x2 build/stm32f1xx_hal_rcc.o
 *fill*         0x08003d02        0x2 
 .rodata.aPLLMULFactorTable.1
                0x08003d04       0x10 build/stm32f1xx_hal_rcc.o
 .rodata.APBPrescTable
                0x08003d14        0x8 build/system_stm32f1xx.o
                0x08003d14                APBPrescTable
 .rodata.AHBPrescTable
                0x08003d1c       0x10 build/system_stm32f1xx.o
                0x08003d1c                AHBPrescTable
                0x08003d2c                        . = ALIGN (0x4)

.ARM.extab
 *(.ARM.extab* .gnu.linkonce.armextab.*)

.ARM            0x08003d2c       0x90
                0x08003d2c                        __exidx_start = .
 *(.ARM.exidx*)
 .ARM.exidx     0x08003d2c        0x8 /usr/local/src/arm-gnu-toolchain-13.2/bin/../lib/gcc/arm-none-eabi/13.2.1/../../../../arm-none-eabi/lib/thumb/v7-m/nofp/libc_nano.a(libc_a-setjmp.o)
                                 0x10 (size before relaxing)
 .ARM.exidx     0x08003d34        0x8 /usr/local/src/arm-gnu-toolchain-13.2/bin/../lib/gcc/arm-none-eabi/13.2.1/../../../../arm-none-eabi/lib/thumb/v7-m/nofp/libc_nano.a(libc_a-strcmp.o)
 .ARM.exidx.text.selfrel_offset31
                0x08003d3c        0x0 /usr/local/src/arm-gnu-toolchain-13.2/bin/../lib/gcc/arm-none-eabi/13.2.1/thumb/v7-m/nofp/libgcc.a(unwind-arm.o)
                                  0x8 (size before relaxing)
 .ARM.exidx.text.search_EIT_table
                0x08003d3c        0x0 /usr/local/src/arm-gnu-toolchain-13.2/bin/../lib/gcc/arm-none-eabi/13.2.1/thumb/v7-m/nofp/libgcc.a(unwind-arm.o)
                                  0x8 (size before relaxing)
 .ARM.exidx.text.__gnu_unwind_get_pr_addr
                0x08003d3c        0x0 /usr/local/src/arm-gnu-toolchain-13.2/bin/../lib/gcc/arm-none-eabi/13.2.1/thumb/v7-m/nofp/libgcc.a(unwind-arm.o)
                                  0x8 (size before relaxing)
 .ARM.exidx.text.get_eit_entry
                0x08003d3c        0x8 /usr/local/src/arm-gnu-toolchain-13.2/bin/../lib/gcc/arm-none-eabi/13.2.1/thumb/v7-m/nofp/libgcc.a(unwind-arm.o)
 .ARM.exidx.text.restore_non_core_regs
                0x08003d44        0x8 /usr/local/src/arm-gnu-toolchain-13.2/bin/../lib/gcc/arm-none-eabi/13.2.1/thumb/v7-m/nofp/libgcc.a(unwind-arm.o)
 .ARM.exidx.text._Unwind_decode_typeinfo_ptr.constprop.0
                0x08003d4c        0x8 /usr/local/src/arm-gnu-toolchain-13.2/bin/../lib/gcc/arm-none-eabi/13.2.1/thumb/v7-m/nofp/libgcc.a(unwind-arm.o)
 .ARM.exidx.text._Unwind_DebugHook
                0x08003d54        0x0 /usr/local/src/arm-gnu-toolchain-13.2/bin/../lib/gcc/arm-none-eabi/13.2.1/thumb/v7-m/nofp/libgcc.a(unwind-arm.o)
                                  0x8 (size before relaxing)
 .ARM.exidx.text.unwind_phase2
                0x08003d54        0x8 /usr/local/src/arm-gnu-toolchain-13.2/bin/../lib/gcc/arm-none-eabi/13.2.1/thumb/v7-m/nofp/libgcc.a(unwind-arm.o)
 .ARM.exidx.text.unwind_phase2_forced
                0x08003d5c        0x8 /usr/local/src/arm-gnu-toolchain-13.2/bin/../lib/gcc/arm-none-eabi/13.2.1/thumb/v7-m/nofp/libgcc.a(unwind-arm.o)
 .ARM.exidx.text.__gnu_Unwind_RaiseException
                0x08003d64        0x8 /usr/local/src/arm-gnu-toolchain-13.2/bin/../lib/gcc/arm-none-eabi/13.2.1/thumb/v7-m/nofp/libgcc.a(unwind-arm.o)
 .ARM.exidx.text.__gnu_Unwind_ForcedUnwind
                0x08003d6c        0x8 /usr/local/src/arm-gnu-toolchain-13.2/bin/../lib/gcc/arm-none-eabi/13.2.1/thumb/v7-m/nofp/libgcc.a(unwind-arm.o)
 .ARM.exidx.text.__gnu_Unwind_Resume
                0x08003d74        0x8 /usr/local/src/arm-gnu-toolchain-13.2/bin/../lib/gcc/arm-none-eabi/13.2.1/thumb/v7-m/nofp/libgcc.a(unwind-arm.o)
 .ARM.exidx.text.__gnu_Unwind_Resume_or_Rethrow
                0x08003d7c        0x8 /usr/local/src/arm-gnu-toolchain-13.2/bin/../lib/gcc/arm-none-eabi/13.2.1/thumb/v7-m/nofp/libgcc.a(unwind-arm.o)
 .ARM.exidx.text._Unwind_VRS_Get
                0x08003d84        0x0 /usr/local/src/arm-gnu-toolchain-13.2/bin/../lib/gcc/arm-none-eabi/13.2.1/thumb/v7-m/nofp/libgcc.a(unwind-arm.o)
                                  0x8 (size before relaxing)
 .ARM.exidx.text._Unwind_GetGR
                0x08003d84        0x0 /usr/local/src/arm-gnu-toolchain-13.2/bin/../lib/gcc/arm-none-eabi/13.2.1/thumb/v7-m/nofp/libgcc.a(unwind-arm.o)
                                  0x8 (size before relaxing)
 .ARM.exidx.text._Unwind_VRS_Set
                0x08003d84        0x0 /usr/local/src/arm-gnu-toolchain-13.2/bin/../lib/gcc/arm-none-eabi/13.2.1/thumb/v7-m/nofp/libgcc.a(unwind-arm.o)
                                  0x8 (size before relaxing)
 .ARM.exidx.text._Unwind_SetGR
                0x08003d84        0x0 /usr/local/src/arm-gnu-toolchain-13.2/bin/../lib/gcc/arm-none-eabi/13.2.1/thumb/v7-m/nofp/libgcc.a(unwind-arm.o)
                                  0x8 (size before relaxing)
 .ARM.exidx.text.__gnu_Unwind_Backtrace
                0x08003d84        0x8 /usr/local/src/arm-gnu-toolchain-13.2/bin/../lib/gcc/arm-none-eabi/13.2.1/thumb/v7-m/nofp/libgcc.a(unwind-arm.o)
 .ARM.exidx.text.__gnu_unwind_pr_common
                0x08003d8c        0x8 /usr/local/src/arm-gnu-toolchain-13.2/bin/../lib/gcc/arm-none-eabi/13.2.1/thumb/v7-m/nofp/libgcc.a(unwind-arm.o)
 .ARM.exidx.text.__aeabi_unwind_cpp_pr0
                0x08003d94        0x8 /usr/local/src/arm-gnu-toolchain-13.2/bin/../lib/gcc/arm-none-eabi/13.2.1/thumb/v7-m/nofp/libgcc.a(unwind-arm.o)
 .ARM.exidx.text.__aeabi_unwind_cpp_pr1
                0x08003d9c        0x0 /usr/local/src/arm-gnu-toolchain-13.2/bin/../lib/gcc/arm-none-eabi/13.2.1/thumb/v7-m/nofp/libgcc.a(unwind-arm.o)
                                  0x8 (size before relaxing)
 .ARM.exidx.text.__aeabi_unwind_cpp_pr2
                0x08003d9c        0x0 /usr/local/src/arm-gnu-toolchain-13.2/bin/../lib/gcc/arm-none-eabi/13.2.1/thumb/v7-m/nofp/libgcc.a(unwind-arm.o)
                                  0x8 (size before relaxing)
 .ARM.exidx.text._Unwind_VRS_Pop
                0x08003d9c        0x8 /usr/local/src/arm-gnu-toolchain-13.2/bin/../lib/gcc/arm-none-eabi/13.2.1/thumb/v7-m/nofp/libgcc.a(unwind-arm.o)
 .ARM.exidx.text.next_unwind_byte
                0x08003da4        0x8 /usr/local/src/arm-gnu-toolchain-13.2/bin/../lib/gcc/arm-none-eabi/13.2.1/thumb/v7-m/nofp/libgcc.a(pr-support.o)
 .ARM.exidx.text.__gnu_unwind_execute
                0x08003dac       0x10 /usr/local/src/arm-gnu-toolchain-13.2/bin/../lib/gcc/arm-none-eabi/13.2.1/thumb/v7-m/nofp/libgcc.a(pr-support.o)
                                  0x8 (size before relaxing)
                0x08003dbc                        __exidx_end = .

.rel.dyn        0x08003dbc        0x0
 .rel.iplt      0x08003dbc        0x0 /usr/local/src/arm-gnu-toolchain-13.2/bin/../lib/gcc/arm-none-eabi/13.2.1/thumb/v7-m/nofp/crtbegin.o

.preinit_array  0x08003dbc        0x0
                0x08003dbc                        PROVIDE (__preinit_array_start = .)
 *(.preinit_array*)
                0x08003dbc                        PROVIDE (__preinit_array_end = .)

.init_array     0x08003dbc        0x4
                0x08003dbc                        PROVIDE (__init_array_start = .)
 *(SORT_BY_NAME(.init_array.*))
 *(.init_array*)
 .init_array    0x08003dbc        0x4 /usr/local/src/arm-gnu-toolchain-13.2/bin/../lib/gcc/arm-none-eabi/13.2.1/thumb/v7-m/nofp/crtbegin.o
                0x08003dc0                        PROVIDE (__init_array_end = .)

.fini_array     0x08003dc0        0x4
                [!provide]                        PROVIDE (__fini_array_start = .)
 *(SORT_BY_NAME(.fini_array.*))
 *(.fini_array*)
 .fini_array    0x08003dc0        0x4 /usr/local/src/arm-gnu-toolchain-13.2/bin/../lib/gcc/arm-none-eabi/13.2.1/thumb/v7-m/nofp/crtbegin.o
                [!provide]                        PROVIDE (__fini_array_end = .)
                0x08003dc4                        _sidata = LOADADDR (.data)

.data           0x20000000       0x60 load address 0x08003dc4
                0x20000000                        . = ALIGN (0x4)
                0x20000000                        _sdata = .
 *(.data)
 *(.data*)
 .data.flash_driver_spi
                0x20000000        0x4 build/target_tests.o
                0x20000000                flash_driver_spi
 .data.uwTickFreq
                0x20000004        0x1 build/stm32f1xx_hal.o
                0x20000004                uwTickFreq
 *fill*         0x20000005        0x3 
 .data.uwTickPrio
                0x20000008        0x4 build/stm32f1xx_hal.o
                0x20000008                uwTickPrio
 .data.SystemCoreClock
                0x2000000c        0x4 build/system_stm32f1xx.o
                0x2000000c                SystemCoreClock
 .data._impure_ptr
                0x20000010        0x4 /usr/local/src/arm-gnu-toolchain-13.2/bin/../lib/gcc/arm-none-eabi/13.2.1/../../../../arm-none-eabi/lib/thumb/v7-m/nofp/libc_nano.a(libc_a-impure.o)
                0x20000010                _impure_ptr
 .data._impure_data
                0x20000014       0x4c /usr/local/src/arm-gnu-toolchain-13.2/bin/../lib/gcc/arm-none-eabi/13.2.1/../../../../arm-none-eabi/lib/thumb/v7-m/nofp/libc_nano.a(libc_a-impure.o)
                0x20000014                _impure_data
                0x20000060                        . = ALIGN (0x4)
                0x20000060                        _edata = .

.tm_clone_table
                0x20000060        0x0 load address 0x08003e24
 .tm_clone_table
                0x20000060        0x0 /usr/local/src/arm-gnu-toolchain-13.2/bin/../lib/gcc/arm-none-eabi/13.2.1/thumb/v7-m/nofp/crtbegin.o
 .tm_clone_table
                0x20000060        0x0 /usr/local/src/arm-gnu-toolchain-13.2/bin/../lib/gcc/arm-none-eabi/13.2.1/thumb/v7-m/nofp/crtend.o

.igot.plt       0x20000060        0x0 load address 0x08003e24
 .igot.plt      0x20000060        0x0 /usr/local/src/arm-gnu-toolchain-13.2/bin/../lib/gcc/arm-none-eabi/13.2.1/thumb/v7-m/nofp/crtbegin.o
                0x20000060                        . = ALIGN (0x4)

.bss            0x20000060      0x318 load address 0x08003e24
                0x20000060                        _sbss = .
                0x20000060                        __bss_start__ = _sbss
 *(.bss)
 *(.bss*)
 .bss.completed.1
                0x20000060        0x1 /usr/local/src/arm-gnu-toolchain-13.2/bin/../lib/gcc/arm-none-eabi/13.2.1/thumb/v7-m/nofp/crtbegin.o
 *fill*         0x20000061        0x3 
 .bss.object.0  0x20000064       0x18 /usr/local/src/arm-gnu-toolchain-13.2/bin/../lib/gcc/arm-none-eabi/13.2.1/thumb/v7-m/nofp/crtbegin.o
 *fill*         0x2000007c        0x4 
 .bss.Unity     0x20000080       0xc8 build/unity.o
                0x20000080                Unity
 .bss.pointer_index
                0x20000148        0x4 build/unity_fixture.o
 .bss.pointer_store
                0x2000014c       0x28 build/unity_fixture.o
 .bss.UnityFixture
                0x20000174       0x14 build/unity_fixture.o
                0x20000174                UnityFixture
 .bss.huart1    0x20000188       0x48 build/target_tests.o
                0x20000188                huart1
 .bss.hspi1     0x200001d0       0x58 build/target_tests.o
                0x200001d0                hspi1
 .bss.uwTick    0x20000228        0x4 build/stm32f1xx_hal.o
                0x20000228                uwTick
 .bss.__malloc_sbrk_start
                0x2000022c        0x4 /usr/local/src/arm-gnu-toolchain-13.2/bin/../lib/gcc/arm-none-eabi/13.2.1/../../../../arm-none-eabi/lib/thumb/v7-m/nofp/libc_nano.a(libc_a-mallocr.o)
                0x2000022c                __malloc_sbrk_start
 .bss.__malloc_free_list
                0x20000230        0x4 /usr/local/src/arm-gnu-toolchain-13.2/bin/../lib/gcc/arm-none-eabi/13.2.1/../../../../arm-none-eabi/lib/thumb/v7-m/nofp/libc_nano.a(libc_a-mallocr.o)
                0x20000230                __malloc_free_list
 .bss.__sf      0x20000234      0x138 /usr/local/src/arm-gnu-toolchain-13.2/bin/../lib/gcc/arm-none-eabi/13.2.1/../../../../arm-none-eabi/lib/thumb/v7-m/nofp/libc_nano.a(libc_a-findfp.o)
                0x20000234                __sf
 .bss.__lock___malloc_recursive_mutex
                0x2000036c        0x1 /usr/local/src/arm-gnu-toolchain-13.2/bin/../lib/gcc/arm-none-eabi/13.2.1/../../../../arm-none-eabi/lib/thumb/v7-m/nofp/libc_nano.a(libc_a-lock.o)
                0x2000036c                __lock___malloc_recursive_mutex
 *fill*         0x2000036d        0x3 
 .bss.errno     0x20000370        0x4 /usr/local/src/arm-gnu-toolchain-13.2/bin/../lib/gcc/arm-none-eabi/13.2.1/../../../../arm-none-eabi/lib/thumb/v7-m/nofp/libc_nano.a(libc_a-reent.o)
                0x20000370                errno
 .bss.heap_end.0
                0x20000374        0x4 /usr/local/src/arm-gnu-toolchain-13.2/bin/../lib/gcc/arm-none-eabi/13.2.1/../../../../arm-none-eabi/lib/thumb/v7-m/nofp/libnosys.a(sbrk.o)
 *(COMMON)
                0x20000378                        . = ALIGN (0x4)
                0x20000378                        _ebss = .
                0x20000378                        __bss_end__ = _ebss

._user_heap_stack
                0x20000378      0x600 load address 0x08003e24
                0x20000378                        . = ALIGN (0x8)
                0x20000378                        PROVIDE (end = .)
                [!provide]                        PROVIDE (_end = .)
                0x20000578                        . = (. + _Min_Heap_Size)
 *fill*         0x20000378      0x200 
                0x20000978                        . = (. + _Min_Stack_Size)
 *fill*         0x20000578      0x400 
                0x20000978                        . = ALIGN (0x8)

/DISCARD/
 libc.a(*)
 libm.a(*)
 libgcc.a(*)

.ARM.attributes
                0x00000000       0x29
 *(.ARM.attributes)
 .ARM.attributes
                0x00000000       0x1d /usr/local/src/arm-gnu-toolchain-13.2/bin/../lib/gcc/arm-none-eabi/13.2.1/thumb/v7-m/nofp/crti.o
 .ARM.attributes
                0x0000001d       0x2d /usr/local/src/arm-gnu-toolchain-13.2/bin/../lib/gcc/arm-none-eabi/13.2.1/thumb/v7-m/nofp/crtbegin.o
 .ARM.attributes
                0x0000004a       0x2d build/flash_driver.o
 .ARM.attributes
                0x00000077       0x2d build/unity.o
 .ARM.attributes
                0x000000a4       0x2d build/unity_fixture.o
 .ARM.attributes
                0x000000d1       0x2d build/target_tests.o
 .ARM.attributes
                0x000000fe       0x2d build/flash_driver_test_runner.o
 .ARM.attributes
                0x0000012b       0x2d build/flash_driver_test.o
 .ARM.attributes
                0x00000158       0x2d build/flash_driver_io.o
 .ARM.attributes
                0x00000185       0x2d build/stm32f1xx_it.o
 .ARM.attributes
                0x000001b2       0x2d build/stm32f1xx_hal_msp.o
 .ARM.attributes
                0x000001df       0x2d build/stm32f1xx_hal_spi.o
 .ARM.attributes
                0x0000020c       0x2d build/stm32f1xx_hal.o
 .ARM.attributes
                0x00000239       0x2d build/stm32f1xx_hal_rcc.o
 .ARM.attributes
                0x00000266       0x2d build/stm32f1xx_hal_gpio.o
 .ARM.attributes
                0x00000293       0x2d build/stm32f1xx_hal_cortex.o
 .ARM.attributes
                0x000002c0       0x2d build/system_stm32f1xx.o
 .ARM.attributes
                0x000002ed       0x2d build/stm32f1xx_hal_uart.o
 .ARM.attributes
                0x0000031a       0x21 build/startup_stm32f103xb.o
 .ARM.attributes
                0x0000033b       0x2d /usr/local/src/arm-gnu-toolchain-13.2/bin/../lib/gcc/arm-none-eabi/13.2.1/../../../../arm-none-eabi/lib/thumb/v7-m/nofp/libc_nano.a(libc_a-init.o)
 .ARM.attributes
                0x00000368       0x1b /usr/local/src/arm-gnu-toolchain-13.2/bin/../lib/gcc/arm-none-eabi/13.2.1/../../../../arm-none-eabi/lib/thumb/v7-m/nofp/libc_nano.a(libc_a-setjmp.o)
 .ARM.attributes
                0x00000383       0x1b /usr/local/src/arm-gnu-toolchain-13.2/bin/../lib/gcc/arm-none-eabi/13.2.1/../../../../arm-none-eabi/lib/thumb/v7-m/nofp/libc_nano.a(libc_a-strcmp.o)
 .ARM.attributes
                0x0000039e       0x2d /usr/local/src/arm-gnu-toolchain-13.2/bin/../lib/gcc/arm-none-eabi/13.2.1/../../../../arm-none-eabi/lib/thumb/v7-m/nofp/libc_nano.a(libc_a-memcpy-stub.o)
 .ARM.attributes
                0x000003cb       0x2d /usr/local/src/arm-gnu-toolchain-13.2/bin/../lib/gcc/arm-none-eabi/13.2.1/../../../../arm-none-eabi/lib/thumb/v7-m/nofp/libc_nano.a(libc_a-malloc.o)
 .ARM.attributes
                0x000003f8       0x2d /usr/local/src/arm-gnu-toolchain-13.2/bin/../lib/gcc/arm-none-eabi/13.2.1/../../../../arm-none-eabi/lib/thumb/v7-m/nofp/libc_nano.a(libc_a-mallocr.o)
 .ARM.attributes
                0x00000425       0x2d /usr/local/src/arm-gnu-toolchain-13.2/bin/../lib/gcc/arm-none-eabi/13.2.1/../../../../arm-none-eabi/lib/thumb/v7-m/nofp/libc_nano.a(libc_a-findfp.o)
 .ARM.attributes
                0x00000452       0x2d /usr/local/src/arm-gnu-toolchain-13.2/bin/../lib/gcc/arm-none-eabi/13.2.1/../../../../arm-none-eabi/lib/thumb/v7-m/nofp/libc_nano.a(libc_a-mlock.o)
 .ARM.attributes
                0x0000047f       0x2d /usr/local/src/arm-gnu-toolchain-13.2/bin/../lib/gcc/arm-none-eabi/13.2.1/../../../../arm-none-eabi/lib/thumb/v7-m/nofp/libc_nano.a(libc_a-strstr.o)
 .ARM.attributes
                0x000004ac       0x2d /usr/local/src/arm-gnu-toolchain-13.2/bin/../lib/gcc/arm-none-eabi/13.2.1/../../../../arm-none-eabi/lib/thumb/v7-m/nofp/libc_nano.a(libc_a-sbrkr.o)
 .ARM.attributes
                0x000004d9       0x2d /usr/local/src/arm-gnu-toolchain-13.2/bin/../lib/gcc/arm-none-eabi/13.2.1/../../../../arm-none-eabi/lib/thumb/v7-m/nofp/libc_nano.a(libc_a-memset.o)
 .ARM.attributes
                0x00000506       0x2d /usr/local/src/arm-gnu-toolchain-13.2/bin/../lib/gcc/arm-none-eabi/13.2.1/../../../../arm-none-eabi/lib/thumb/v7-m/nofp/libc_nano.a(libc_a-freer.o)
 .ARM.attributes
                0x00000533       0x2d /usr/local/src/arm-gnu-toolchain-13.2/bin/../lib/gcc/arm-none-eabi/13.2.1/../../../../arm-none-eabi/lib/thumb/v7-m/nofp/libc_nano.a(libc_a-lock.o)
 .ARM.attributes
                0x00000560       0x2d /usr/local/src/arm-gnu-toolchain-13.2/bin/../lib/gcc/arm-none-eabi/13.2.1/../../../../arm-none-eabi/lib/thumb/v7-m/nofp/libc_nano.a(libc_a-reent.o)
 .ARM.attributes
                0x0000058d       0x2d /usr/local/src/arm-gnu-toolchain-13.2/bin/../lib/gcc/arm-none-eabi/13.2.1/../../../../arm-none-eabi/lib/thumb/v7-m/nofp/libc_nano.a(libc_a-impure.o)
 .ARM.attributes
                0x000005ba       0x2d /usr/local/src/arm-gnu-toolchain-13.2/bin/../lib/gcc/arm-none-eabi/13.2.1/../../../../arm-none-eabi/lib/thumb/v7-m/nofp/libnosys.a(sbrk.o)
 .ARM.attributes
                0x000005e7       0x2d /usr/local/src/arm-gnu-toolchain-13.2/bin/../lib/gcc/arm-none-eabi/13.2.1/thumb/v7-m/nofp/libgcc.a(unwind-arm.o)
 .ARM.attributes
                0x00000614       0x1d /usr/local/src/arm-gnu-toolchain-13.2/bin/../lib/gcc/arm-none-eabi/13.2.1/thumb/v7-m/nofp/libgcc.a(libunwind.o)
 .ARM.attributes
                0x00000631       0x2d /usr/local/src/arm-gnu-toolchain-13.2/bin/../lib/gcc/arm-none-eabi/13.2.1/thumb/v7-m/nofp/libgcc.a(pr-support.o)
 .ARM.attributes
                0x0000065e       0x2d /usr/local/src/arm-gnu-toolchain-13.2/bin/../lib/gcc/arm-none-eabi/13.2.1/../../../../arm-none-eabi/lib/thumb/v7-m/nofp/libc_nano.a(libc_a-abort.o)
 .ARM.attributes
                0x0000068b       0x2d /usr/local/src/arm-gnu-toolchain-13.2/bin/../lib/gcc/arm-none-eabi/13.2.1/../../../../arm-none-eabi/lib/thumb/v7-m/nofp/libc_nano.a(libc_a-signal.o)
 .ARM.attributes
                0x000006b8       0x2d /usr/local/src/arm-gnu-toolchain-13.2/bin/../lib/gcc/arm-none-eabi/13.2.1/../../../../arm-none-eabi/lib/thumb/v7-m/nofp/libc_nano.a(libc_a-signalr.o)
 .ARM.attributes
                0x000006e5       0x2d /usr/local/src/arm-gnu-toolchain-13.2/bin/../lib/gcc/arm-none-eabi/13.2.1/thumb/v7-m/nofp/crtend.o
 .ARM.attributes
                0x00000712       0x1d /usr/local/src/arm-gnu-toolchain-13.2/bin/../lib/gcc/arm-none-eabi/13.2.1/thumb/v7-m/nofp/crtn.o
OUTPUT(build/Flash_Driver.elf elf32-littlearm)
LOAD linker stubs
LOAD /usr/local/src/arm-gnu-toolchain-13.2/bin/../lib/gcc/arm-none-eabi/13.2.1/../../../../arm-none-eabi/lib/thumb/v7-m/nofp/libc.a
LOAD /usr/local/src/arm-gnu-toolchain-13.2/bin/../lib/gcc/arm-none-eabi/13.2.1/../../../../arm-none-eabi/lib/thumb/v7-m/nofp/libm.a
LOAD /usr/local/src/arm-gnu-toolchain-13.2/bin/../lib/gcc/arm-none-eabi/13.2.1/thumb/v7-m/nofp/libgcc.a

.debug_info     0x00000000    0x11039
 .debug_info    0x00000000      0x899 build/flash_driver.o
 .debug_info    0x00000899     0x375b build/unity.o
 .debug_info    0x00003ff4      0xe05 build/unity_fixture.o
 .debug_info    0x00004df9     0x1085 build/target_tests.o
 .debug_info    0x00005e7e      0x154 build/flash_driver_test_runner.o
 .debug_info    0x00005fd2      0x9dc build/flash_driver_test.o
 .debug_info    0x000069ae      0x970 build/flash_driver_io.o
 .debug_info    0x0000731e      0x158 build/stm32f1xx_it.o
 .debug_info    0x00007476      0xd32 build/stm32f1xx_hal_msp.o
 .debug_info    0x000081a8     0x1f41 build/stm32f1xx_hal_spi.o
 .debug_info    0x0000a0e9      0x880 build/stm32f1xx_hal.o
 .debug_info    0x0000a969      0xb10 build/stm32f1xx_hal_rcc.o
 .debug_info    0x0000b479      0x6d7 build/stm32f1xx_hal_gpio.o
 .debug_info    0x0000bb50      0xe3f build/stm32f1xx_hal_cortex.o
 .debug_info    0x0000c98f      0x26e build/system_stm32f1xx.o
 .debug_info    0x0000cbfd     0x440c build/stm32f1xx_hal_uart.o
 .debug_info    0x00011009       0x30 build/startup_stm32f103xb.o

.debug_abbrev   0x00000000     0x249d
 .debug_abbrev  0x00000000      0x1fb build/flash_driver.o
 .debug_abbrev  0x000001fb      0x3e1 build/unity.o
 .debug_abbrev  0x000005dc      0x2c4 build/unity_fixture.o
 .debug_abbrev  0x000008a0      0x315 build/target_tests.o
 .debug_abbrev  0x00000bb5       0x78 build/flash_driver_test_runner.o
 .debug_abbrev  0x00000c2d      0x1ec build/flash_driver_test.o
 .debug_abbrev  0x00000e19      0x1d9 build/flash_driver_io.o
 .debug_abbrev  0x00000ff2       0x80 build/stm32f1xx_it.o
 .debug_abbrev  0x00001072      0x1d5 build/stm32f1xx_hal_msp.o
 .debug_abbrev  0x00001247      0x2c6 build/stm32f1xx_hal_spi.o
 .debug_abbrev  0x0000150d      0x232 build/stm32f1xx_hal.o
 .debug_abbrev  0x0000173f      0x2d6 build/stm32f1xx_hal_rcc.o
 .debug_abbrev  0x00001a15      0x222 build/stm32f1xx_hal_gpio.o
 .debug_abbrev  0x00001c37      0x3aa build/stm32f1xx_hal_cortex.o
 .debug_abbrev  0x00001fe1      0x140 build/system_stm32f1xx.o
 .debug_abbrev  0x00002121      0x35f build/stm32f1xx_hal_uart.o
 .debug_abbrev  0x00002480       0x1d build/startup_stm32f103xb.o

.debug_loc      0x00000000     0xd8df
 .debug_loc     0x00000000      0x63e build/flash_driver.o
 .debug_loc     0x0000063e     0x2fe5 build/unity.o
 .debug_loc     0x00003623      0x7a6 build/unity_fixture.o
 .debug_loc     0x00003dc9      0x159 build/target_tests.o
 .debug_loc     0x00003f22       0x20 build/flash_driver_test_runner.o
 .debug_loc     0x00003f42      0x2ca build/flash_driver_test.o
 .debug_loc     0x0000420c      0x1cc build/flash_driver_io.o
 .debug_loc     0x000043d8       0x20 build/stm32f1xx_it.o
 .debug_loc     0x000043f8      0x241 build/stm32f1xx_hal_msp.o
 .debug_loc     0x00004639     0x281a build/stm32f1xx_hal_spi.o
 .debug_loc     0x00006e53      0x1f9 build/stm32f1xx_hal.o
 .debug_loc     0x0000704c      0x7c6 build/stm32f1xx_hal_rcc.o
 .debug_loc     0x00007812      0x56c build/stm32f1xx_hal_gpio.o
 .debug_loc     0x00007d7e      0x8b4 build/stm32f1xx_hal_cortex.o
 .debug_loc     0x00008632      0x11b build/system_stm32f1xx.o
 .debug_loc     0x0000874d     0x5192 build/stm32f1xx_hal_uart.o

.debug_aranges  0x00000000      0xa98
 .debug_aranges
                0x00000000       0x48 build/flash_driver.o
 .debug_aranges
                0x00000048      0x150 build/unity.o
 .debug_aranges
                0x00000198       0x88 build/unity_fixture.o
 .debug_aranges
                0x00000220       0x70 build/target_tests.o
 .debug_aranges
                0x00000290       0x20 build/flash_driver_test_runner.o
 .debug_aranges
                0x000002b0       0x68 build/flash_driver_test.o
 .debug_aranges
                0x00000318       0x30 build/flash_driver_io.o
 .debug_aranges
                0x00000348       0x60 build/stm32f1xx_it.o
 .debug_aranges
                0x000003a8       0x40 build/stm32f1xx_hal_msp.o
 .debug_aranges
                0x000003e8      0x1d0 build/stm32f1xx_hal_spi.o
 .debug_aranges
                0x000005b8       0xe0 build/stm32f1xx_hal.o
 .debug_aranges
                0x00000698       0x90 build/stm32f1xx_hal_rcc.o
 .debug_aranges
                0x00000728       0x58 build/stm32f1xx_hal_gpio.o
 .debug_aranges
                0x00000780       0xc0 build/stm32f1xx_hal_cortex.o
 .debug_aranges
                0x00000840       0x28 build/system_stm32f1xx.o
 .debug_aranges
                0x00000868      0x208 build/stm32f1xx_hal_uart.o
 .debug_aranges
                0x00000a70       0x28 build/startup_stm32f103xb.o

.debug_ranges   0x00000000      0xa78
 .debug_ranges  0x00000000       0x38 build/flash_driver.o
 .debug_ranges  0x00000038      0x1d8 build/unity.o
 .debug_ranges  0x00000210       0x78 build/unity_fixture.o
 .debug_ranges  0x00000288       0x60 build/target_tests.o
 .debug_ranges  0x000002e8       0x10 build/flash_driver_test_runner.o
 .debug_ranges  0x000002f8       0x70 build/flash_driver_test.o
 .debug_ranges  0x00000368       0x20 build/flash_driver_io.o
 .debug_ranges  0x00000388       0x50 build/stm32f1xx_it.o
 .debug_ranges  0x000003d8       0x30 build/stm32f1xx_hal_msp.o
 .debug_ranges  0x00000408      0x1c0 build/stm32f1xx_hal_spi.o
 .debug_ranges  0x000005c8       0xd0 build/stm32f1xx_hal.o
 .debug_ranges  0x00000698       0xa0 build/stm32f1xx_hal_rcc.o
 .debug_ranges  0x00000738       0x48 build/stm32f1xx_hal_gpio.o
 .debug_ranges  0x00000780       0xb0 build/stm32f1xx_hal_cortex.o
 .debug_ranges  0x00000830       0x18 build/system_stm32f1xx.o
 .debug_ranges  0x00000848      0x210 build/stm32f1xx_hal_uart.o
 .debug_ranges  0x00000a58       0x20 build/startup_stm32f103xb.o

.debug_line     0x00000000     0xad96
 .debug_line    0x00000000      0x4ae build/flash_driver.o
 .debug_line    0x000004ae     0x17b4 build/unity.o
 .debug_line    0x00001c62      0x75c build/unity_fixture.o
 .debug_line    0x000023be      0x4f6 build/target_tests.o
 .debug_line    0x000028b4       0x9a build/flash_driver_test_runner.o
 .debug_line    0x0000294e      0x4b9 build/flash_driver_test.o
 .debug_line    0x00002e07      0x238 build/flash_driver_io.o
 .debug_line    0x0000303f      0x13d build/stm32f1xx_it.o
 .debug_line    0x0000317c      0x329 build/stm32f1xx_hal_msp.o
 .debug_line    0x000034a5     0x2415 build/stm32f1xx_hal_spi.o
 .debug_line    0x000058ba      0x4f8 build/stm32f1xx_hal.o
 .debug_line    0x00005db2      0xc74 build/stm32f1xx_hal_rcc.o
 .debug_line    0x00006a26      0x59a build/stm32f1xx_hal_gpio.o
 .debug_line    0x00006fc0      0x671 build/stm32f1xx_hal_cortex.o
 .debug_line    0x00007631      0x20f build/system_stm32f1xx.o
 .debug_line    0x00007840     0x34e5 build/stm32f1xx_hal_uart.o
 .debug_line    0x0000ad25       0x71 build/startup_stm32f103xb.o

.debug_str      0x00000000     0x3803
 .debug_str     0x00000000     0x3803 build/flash_driver.o
                                0x510 (size before relaxing)
 .debug_str     0x00003803      0xe2b build/unity.o
 .debug_str     0x00003803      0x4ef build/unity_fixture.o
 .debug_str     0x00003803      0xa77 build/target_tests.o
 .debug_str     0x00003803      0x28d build/flash_driver_test_runner.o
 .debug_str     0x00003803      0x71a build/flash_driver_test.o
 .debug_str     0x00003803      0x879 build/flash_driver_io.o
 .debug_str     0x00003803      0x205 build/stm32f1xx_it.o
 .debug_str     0x00003803      0x832 build/stm32f1xx_hal_msp.o
 .debug_str     0x00003803      0xb4a build/stm32f1xx_hal_spi.o
 .debug_str     0x00003803      0x811 build/stm32f1xx_hal.o
 .debug_str     0x00003803      0x60e build/stm32f1xx_hal_rcc.o
 .debug_str     0x00003803      0x3e3 build/stm32f1xx_hal_gpio.o
 .debug_str     0x00003803      0x8b6 build/stm32f1xx_hal_cortex.o
 .debug_str     0x00003803      0x237 build/system_stm32f1xx.o
 .debug_str     0x00003803      0xcd7 build/stm32f1xx_hal_uart.o
 .debug_str     0x00003803       0x6e build/startup_stm32f103xb.o

.comment        0x00000000       0x44
 .comment       0x00000000       0x44 build/flash_driver.o
                                 0x45 (size before relaxing)
 .comment       0x00000044       0x45 build/unity.o
 .comment       0x00000044       0x45 build/unity_fixture.o
 .comment       0x00000044       0x45 build/target_tests.o
 .comment       0x00000044       0x45 build/flash_driver_test_runner.o
 .comment       0x00000044       0x45 build/flash_driver_test.o
 .comment       0x00000044       0x45 build/flash_driver_io.o
 .comment       0x00000044       0x45 build/stm32f1xx_it.o
 .comment       0x00000044       0x45 build/stm32f1xx_hal_msp.o
 .comment       0x00000044       0x45 build/stm32f1xx_hal_spi.o
 .comment       0x00000044       0x45 build/stm32f1xx_hal.o
 .comment       0x00000044       0x45 build/stm32f1xx_hal_rcc.o
 .comment       0x00000044       0x45 build/stm32f1xx_hal_gpio.o
 .comment       0x00000044       0x45 build/stm32f1xx_hal_cortex.o
 .comment       0x00000044       0x45 build/system_stm32f1xx.o
 .comment       0x00000044       0x45 build/stm32f1xx_hal_uart.o

.debug_frame    0x00000000     0x2574
 .debug_frame   0x00000000       0xe8 build/flash_driver.o
 .debug_frame   0x000000e8      0x4a4 build/unity.o
 .debug_frame   0x0000058c      0x15c build/unity_fixture.o
 .debug_frame   0x000006e8      0x10c build/target_tests.o
 .debug_frame   0x000007f4       0x28 build/flash_driver_test_runner.o
 .debug_frame   0x0000081c      0x124 build/flash_driver_test.o
 .debug_frame   0x00000940       0x5c build/flash_driver_io.o
 .debug_frame   0x0000099c       0xa8 build/stm32f1xx_it.o
 .debug_frame   0x00000a44       0x98 build/stm32f1xx_hal_msp.o
 .debug_frame   0x00000adc      0x5ac build/stm32f1xx_hal_spi.o
 .debug_frame   0x00001088      0x1cc build/stm32f1xx_hal.o
 .debug_frame   0x00001254      0x184 build/stm32f1xx_hal_rcc.o
 .debug_frame   0x000013d8       0xe4 build/stm32f1xx_hal_gpio.o
 .debug_frame   0x000014bc      0x19c build/stm32f1xx_hal_cortex.o
 .debug_frame   0x00001658       0x30 build/system_stm32f1xx.o
 .debug_frame   0x00001688      0x5d4 build/stm32f1xx_hal_uart.o
 .debug_frame   0x00001c5c       0x2c /usr/local/src/arm-gnu-toolchain-13.2/bin/../lib/gcc/arm-none-eabi/13.2.1/../../../../arm-none-eabi/lib/thumb/v7-m/nofp/libc_nano.a(libc_a-init.o)
 .debug_frame   0x00001c88       0x20 /usr/local/src/arm-gnu-toolchain-13.2/bin/../lib/gcc/arm-none-eabi/13.2.1/../../../../arm-none-eabi/lib/thumb/v7-m/nofp/libc_nano.a(libc_a-strcmp.o)
 .debug_frame   0x00001ca8       0x28 /usr/local/src/arm-gnu-toolchain-13.2/bin/../lib/gcc/arm-none-eabi/13.2.1/../../../../arm-none-eabi/lib/thumb/v7-m/nofp/libc_nano.a(libc_a-memcpy-stub.o)
 .debug_frame   0x00001cd0       0x30 /usr/local/src/arm-gnu-toolchain-13.2/bin/../lib/gcc/arm-none-eabi/13.2.1/../../../../arm-none-eabi/lib/thumb/v7-m/nofp/libc_nano.a(libc_a-malloc.o)
 .debug_frame   0x00001d00       0x50 /usr/local/src/arm-gnu-toolchain-13.2/bin/../lib/gcc/arm-none-eabi/13.2.1/../../../../arm-none-eabi/lib/thumb/v7-m/nofp/libc_nano.a(libc_a-mallocr.o)
 .debug_frame   0x00001d50      0x144 /usr/local/src/arm-gnu-toolchain-13.2/bin/../lib/gcc/arm-none-eabi/13.2.1/../../../../arm-none-eabi/lib/thumb/v7-m/nofp/libc_nano.a(libc_a-findfp.o)
 .debug_frame   0x00001e94       0x30 /usr/local/src/arm-gnu-toolchain-13.2/bin/../lib/gcc/arm-none-eabi/13.2.1/../../../../arm-none-eabi/lib/thumb/v7-m/nofp/libc_nano.a(libc_a-mlock.o)
 .debug_frame   0x00001ec4       0x2c /usr/local/src/arm-gnu-toolchain-13.2/bin/../lib/gcc/arm-none-eabi/13.2.1/../../../../arm-none-eabi/lib/thumb/v7-m/nofp/libc_nano.a(libc_a-strstr.o)
 .debug_frame   0x00001ef0       0x2c /usr/local/src/arm-gnu-toolchain-13.2/bin/../lib/gcc/arm-none-eabi/13.2.1/../../../../arm-none-eabi/lib/thumb/v7-m/nofp/libc_nano.a(libc_a-sbrkr.o)
 .debug_frame   0x00001f1c       0x20 /usr/local/src/arm-gnu-toolchain-13.2/bin/../lib/gcc/arm-none-eabi/13.2.1/../../../../arm-none-eabi/lib/thumb/v7-m/nofp/libc_nano.a(libc_a-memset.o)
 .debug_frame   0x00001f3c       0x38 /usr/local/src/arm-gnu-toolchain-13.2/bin/../lib/gcc/arm-none-eabi/13.2.1/../../../../arm-none-eabi/lib/thumb/v7-m/nofp/libc_nano.a(libc_a-freer.o)
 .debug_frame   0x00001f74       0xb0 /usr/local/src/arm-gnu-toolchain-13.2/bin/../lib/gcc/arm-none-eabi/13.2.1/../../../../arm-none-eabi/lib/thumb/v7-m/nofp/libc_nano.a(libc_a-lock.o)
 .debug_frame   0x00002024       0x38 /usr/local/src/arm-gnu-toolchain-13.2/bin/../lib/gcc/arm-none-eabi/13.2.1/../../../../arm-none-eabi/lib/thumb/v7-m/nofp/libc_nano.a(libc_a-reent.o)
 .debug_frame   0x0000205c       0x20 /usr/local/src/arm-gnu-toolchain-13.2/bin/../lib/gcc/arm-none-eabi/13.2.1/../../../../arm-none-eabi/lib/thumb/v7-m/nofp/libnosys.a(sbrk.o)
 .debug_frame   0x0000207c      0x2d4 /usr/local/src/arm-gnu-toolchain-13.2/bin/../lib/gcc/arm-none-eabi/13.2.1/thumb/v7-m/nofp/libgcc.a(unwind-arm.o)
 .debug_frame   0x00002350       0xf4 /usr/local/src/arm-gnu-toolchain-13.2/bin/../lib/gcc/arm-none-eabi/13.2.1/thumb/v7-m/nofp/libgcc.a(pr-support.o)
 .debug_frame   0x00002444       0x28 /usr/local/src/arm-gnu-toolchain-13.2/bin/../lib/gcc/arm-none-eabi/13.2.1/../../../../arm-none-eabi/lib/thumb/v7-m/nofp/libc_nano.a(libc_a-abort.o)
 .debug_frame   0x0000246c       0xcc /usr/local/src/arm-gnu-toolchain-13.2/bin/../lib/gcc/arm-none-eabi/13.2.1/../../../../arm-none-eabi/lib/thumb/v7-m/nofp/libc_nano.a(libc_a-signal.o)
 .debug_frame   0x00002538       0x3c /usr/local/src/arm-gnu-toolchain-13.2/bin/../lib/gcc/arm-none-eabi/13.2.1/../../../../arm-none-eabi/lib/thumb/v7-m/nofp/libc_nano.a(libc_a-signalr.o)

.debug_line_str
                0x00000000      0x1aa
 .debug_line_str
                0x00000000      0x1aa /usr/local/src/arm-gnu-toolchain-13.2/bin/../lib/gcc/arm-none-eabi/13.2.1/../../../../arm-none-eabi/lib/thumb/v7-m/nofp/libc_nano.a(libc_a-setjmp.o)
                                 0xd6 (size before relaxing)
 .debug_line_str
                0x000001aa       0xdf /usr/local/src/arm-gnu-toolchain-13.2/bin/../lib/gcc/arm-none-eabi/13.2.1/../../../../arm-none-eabi/lib/thumb/v7-m/nofp/libc_nano.a(libc_a-strcmp.o)
 .debug_line_str
                0x000001aa       0xc2 /usr/local/src/arm-gnu-toolchain-13.2/bin/../lib/gcc/arm-none-eabi/13.2.1/thumb/v7-m/nofp/libgcc.a(libunwind.o)

Cross Reference Table

Symbol                                            File
ADC1_2_IRQHandler                                 build/startup_stm32f103xb.o
AHBPrescTable                                     build/system_stm32f1xx.o
                                                  build/stm32f1xx_hal_rcc.o
APBPrescTable                                     build/system_stm32f1xx.o
                                                  build/stm32f1xx_hal_rcc.o
BusFault_Handler                                  build/stm32f1xx_it.o
CAN1_RX1_IRQHandler                               build/startup_stm32f103xb.o
CAN1_SCE_IRQHandler                               build/startup_stm32f103xb.o
DMA1_Channel1_IRQHandler                          build/startup_stm32f103xb.o
DMA1_Channel2_IRQHandler                          build/startup_stm32f103xb.o
DMA1_Channel3_IRQHandler                          build/startup_stm32f103xb.o
DMA1_Channel4_IRQHandler                          build/startup_stm32f103xb.o
DMA1_Channel5_IRQHandler                          build/startup_stm32f103xb.o
DMA1_Channel6_IRQHandler                          build/startup_stm32f103xb.o
DMA1_Channel7_IRQHandler                          build/startup_stm32f103xb.o
DebugMon_Handler                                  build/stm32f1xx_it.o
Default_Handler                                   build/startup_stm32f103xb.o
EXTI0_IRQHandler                                  build/startup_stm32f103xb.o
EXTI15_10_IRQHandler                              build/startup_stm32f103xb.o
EXTI1_IRQHandler                                  build/startup_stm32f103xb.o
EXTI2_IRQHandler                                  build/startup_stm32f103xb.o
EXTI3_IRQHandler                                  build/startup_stm32f103xb.o
EXTI4_IRQHandler                                  build/startup_stm32f103xb.o
EXTI9_5_IRQHandler                                build/startup_stm32f103xb.o
Error_Handler                                     build/target_tests.o
FLASH_IRQHandler                                  build/startup_stm32f103xb.o
FLASH_PageErase                                   build/stm32f1xx_hal_flash_ex.o
                                                  build/stm32f1xx_hal_flash.o
FLASH_WaitForLastOperation                        build/stm32f1xx_hal_flash.o
                                                  build/stm32f1xx_hal_flash_ex.o
HAL_DBGMCU_DisableDBGSleepMode                    build/stm32f1xx_hal.o
HAL_DBGMCU_DisableDBGStandbyMode                  build/stm32f1xx_hal.o
HAL_DBGMCU_DisableDBGStopMode                     build/stm32f1xx_hal.o
HAL_DBGMCU_EnableDBGSleepMode                     build/stm32f1xx_hal.o
HAL_DBGMCU_EnableDBGStandbyMode                   build/stm32f1xx_hal.o
HAL_DBGMCU_EnableDBGStopMode                      build/stm32f1xx_hal.o
HAL_DMA_Abort                                     build/stm32f1xx_hal_dma.o
                                                  build/stm32f1xx_hal_uart.o
                                                  build/stm32f1xx_hal_spi.o
HAL_DMA_Abort_IT                                  build/stm32f1xx_hal_dma.o
                                                  build/stm32f1xx_hal_uart.o
                                                  build/stm32f1xx_hal_spi.o
HAL_DMA_DeInit                                    build/stm32f1xx_hal_dma.o
HAL_DMA_GetError                                  build/stm32f1xx_hal_dma.o
                                                  build/stm32f1xx_hal_uart.o
HAL_DMA_GetState                                  build/stm32f1xx_hal_dma.o
HAL_DMA_IRQHandler                                build/stm32f1xx_hal_dma.o
HAL_DMA_Init                                      build/stm32f1xx_hal_dma.o
HAL_DMA_PollForTransfer                           build/stm32f1xx_hal_dma.o
HAL_DMA_RegisterCallback                          build/stm32f1xx_hal_dma.o
HAL_DMA_Start                                     build/stm32f1xx_hal_dma.o
HAL_DMA_Start_IT                                  build/stm32f1xx_hal_dma.o
                                                  build/stm32f1xx_hal_uart.o
                                                  build/stm32f1xx_hal_spi.o
HAL_DMA_UnRegisterCallback                        build/stm32f1xx_hal_dma.o
HAL_DeInit                                        build/stm32f1xx_hal.o
HAL_Delay                                         build/stm32f1xx_hal.o
HAL_EXTI_ClearConfigLine                          build/stm32f1xx_hal_exti.o
HAL_EXTI_ClearPending                             build/stm32f1xx_hal_exti.o
HAL_EXTI_GenerateSWI                              build/stm32f1xx_hal_exti.o
HAL_EXTI_GetConfigLine                            build/stm32f1xx_hal_exti.o
HAL_EXTI_GetHandle                                build/stm32f1xx_hal_exti.o
HAL_EXTI_GetPending                               build/stm32f1xx_hal_exti.o
HAL_EXTI_IRQHandler                               build/stm32f1xx_hal_exti.o
HAL_EXTI_RegisterCallback                         build/stm32f1xx_hal_exti.o
HAL_EXTI_SetConfigLine                            build/stm32f1xx_hal_exti.o
HAL_FLASHEx_Erase                                 build/stm32f1xx_hal_flash_ex.o
HAL_FLASHEx_Erase_IT                              build/stm32f1xx_hal_flash_ex.o
HAL_FLASHEx_OBErase                               build/stm32f1xx_hal_flash_ex.o
HAL_FLASHEx_OBGetConfig                           build/stm32f1xx_hal_flash_ex.o
HAL_FLASHEx_OBGetUserData                         build/stm32f1xx_hal_flash_ex.o
HAL_FLASHEx_OBProgram                             build/stm32f1xx_hal_flash_ex.o
HAL_FLASH_EndOfOperationCallback                  build/stm32f1xx_hal_flash.o
HAL_FLASH_GetError                                build/stm32f1xx_hal_flash.o
HAL_FLASH_IRQHandler                              build/stm32f1xx_hal_flash.o
HAL_FLASH_Lock                                    build/stm32f1xx_hal_flash.o
HAL_FLASH_OB_Launch                               build/stm32f1xx_hal_flash.o
HAL_FLASH_OB_Lock                                 build/stm32f1xx_hal_flash.o
HAL_FLASH_OB_Unlock                               build/stm32f1xx_hal_flash.o
HAL_FLASH_OperationErrorCallback                  build/stm32f1xx_hal_flash.o
HAL_FLASH_Program                                 build/stm32f1xx_hal_flash.o
HAL_FLASH_Program_IT                              build/stm32f1xx_hal_flash.o
HAL_FLASH_Unlock                                  build/stm32f1xx_hal_flash.o
HAL_GPIOEx_ConfigEventout                         build/stm32f1xx_hal_gpio_ex.o
HAL_GPIOEx_DisableEventout                        build/stm32f1xx_hal_gpio_ex.o
HAL_GPIOEx_EnableEventout                         build/stm32f1xx_hal_gpio_ex.o
HAL_GPIO_DeInit                                   build/stm32f1xx_hal_gpio.o
                                                  build/stm32f1xx_hal_msp.o
HAL_GPIO_EXTI_Callback                            build/stm32f1xx_hal_gpio.o
HAL_GPIO_EXTI_IRQHandler                          build/stm32f1xx_hal_gpio.o
HAL_GPIO_Init                                     build/stm32f1xx_hal_gpio.o
                                                  build/stm32f1xx_hal_rcc.o
                                                  build/stm32f1xx_hal_msp.o
                                                  build/target_tests.o
HAL_GPIO_LockPin                                  build/stm32f1xx_hal_gpio.o
HAL_GPIO_ReadPin                                  build/stm32f1xx_hal_gpio.o
HAL_GPIO_TogglePin                                build/stm32f1xx_hal_gpio.o
HAL_GPIO_WritePin                                 build/stm32f1xx_hal_gpio.o
                                                  build/flash_driver_io.o
                                                  build/target_tests.o
HAL_GetDEVID                                      build/stm32f1xx_hal.o
HAL_GetHalVersion                                 build/stm32f1xx_hal.o
HAL_GetREVID                                      build/stm32f1xx_hal.o
HAL_GetTick                                       build/stm32f1xx_hal.o
                                                  build/stm32f1xx_hal_uart.o
                                                  build/stm32f1xx_hal_flash.o
                                                  build/stm32f1xx_hal_dma.o
                                                  build/stm32f1xx_hal_rcc_ex.o
                                                  build/stm32f1xx_hal_rcc.o
                                                  build/stm32f1xx_hal_spi.o
HAL_GetTickFreq                                   build/stm32f1xx_hal.o
HAL_GetTickPrio                                   build/stm32f1xx_hal.o
HAL_GetUIDw0                                      build/stm32f1xx_hal.o
HAL_GetUIDw1                                      build/stm32f1xx_hal.o
HAL_GetUIDw2                                      build/stm32f1xx_hal.o
HAL_HalfDuplex_EnableReceiver                     build/stm32f1xx_hal_uart.o
HAL_HalfDuplex_EnableTransmitter                  build/stm32f1xx_hal_uart.o
HAL_HalfDuplex_Init                               build/stm32f1xx_hal_uart.o
HAL_IncTick                                       build/stm32f1xx_hal.o
                                                  build/stm32f1xx_it.o
HAL_Init                                          build/stm32f1xx_hal.o
                                                  build/target_tests.o
HAL_InitTick                                      build/stm32f1xx_hal.o
                                                  build/stm32f1xx_hal_rcc.o
HAL_LIN_Init                                      build/stm32f1xx_hal_uart.o
HAL_LIN_SendBreak                                 build/stm32f1xx_hal_uart.o
HAL_MspDeInit                                     build/stm32f1xx_hal.o
HAL_MspInit                                       build/stm32f1xx_hal_msp.o
HAL_MultiProcessor_EnterMuteMode                  build/stm32f1xx_hal_uart.o
HAL_MultiProcessor_ExitMuteMode                   build/stm32f1xx_hal_uart.o
HAL_MultiProcessor_Init                           build/stm32f1xx_hal_uart.o
HAL_NVIC_ClearPendingIRQ                          build/stm32f1xx_hal_cortex.o
HAL_NVIC_DisableIRQ                               build/stm32f1xx_hal_cortex.o
HAL_NVIC_EnableIRQ                                build/stm32f1xx_hal_cortex.o
HAL_NVIC_GetActive                                build/stm32f1xx_hal_cortex.o
HAL_NVIC_GetPendingIRQ                            build/stm32f1xx_hal_cortex.o
HAL_NVIC_GetPriority                              build/stm32f1xx_hal_cortex.o
HAL_NVIC_GetPriorityGrouping                      build/stm32f1xx_hal_cortex.o
HAL_NVIC_SetPendingIRQ                            build/stm32f1xx_hal_cortex.o
HAL_NVIC_SetPriority                              build/stm32f1xx_hal_cortex.o
                                                  build/stm32f1xx_hal.o
HAL_NVIC_SetPriorityGrouping                      build/stm32f1xx_hal_cortex.o
                                                  build/stm32f1xx_hal.o
HAL_NVIC_SystemReset                              build/stm32f1xx_hal_cortex.o
                                                  build/stm32f1xx_hal_flash.o
HAL_PWR_ConfigPVD                                 build/stm32f1xx_hal_pwr.o
HAL_PWR_DeInit                                    build/stm32f1xx_hal_pwr.o
HAL_PWR_DisableBkUpAccess                         build/stm32f1xx_hal_pwr.o
HAL_PWR_DisablePVD                                build/stm32f1xx_hal_pwr.o
HAL_PWR_DisableSEVOnPend                          build/stm32f1xx_hal_pwr.o
HAL_PWR_DisableSleepOnExit                        build/stm32f1xx_hal_pwr.o
HAL_PWR_DisableWakeUpPin                          build/stm32f1xx_hal_pwr.o
HAL_PWR_EnableBkUpAccess                          build/stm32f1xx_hal_pwr.o
HAL_PWR_EnablePVD                                 build/stm32f1xx_hal_pwr.o
HAL_PWR_EnableSEVOnPend                           build/stm32f1xx_hal_pwr.o
HAL_PWR_EnableSleepOnExit                         build/stm32f1xx_hal_pwr.o
HAL_PWR_EnableWakeUpPin                           build/stm32f1xx_hal_pwr.o
HAL_PWR_EnterSLEEPMode                            build/stm32f1xx_hal_pwr.o
HAL_PWR_EnterSTANDBYMode                          build/stm32f1xx_hal_pwr.o
HAL_PWR_EnterSTOPMode                             build/stm32f1xx_hal_pwr.o
HAL_PWR_PVDCallback                               build/stm32f1xx_hal_pwr.o
HAL_PWR_PVD_IRQHandler                            build/stm32f1xx_hal_pwr.o
HAL_RCCEx_GetPeriphCLKConfig                      build/stm32f1xx_hal_rcc_ex.o
HAL_RCCEx_GetPeriphCLKFreq                        build/stm32f1xx_hal_rcc_ex.o
HAL_RCCEx_PeriphCLKConfig                         build/stm32f1xx_hal_rcc_ex.o
HAL_RCC_CSSCallback                               build/stm32f1xx_hal_rcc.o
HAL_RCC_ClockConfig                               build/stm32f1xx_hal_rcc.o
                                                  build/target_tests.o
HAL_RCC_DeInit                                    build/stm32f1xx_hal_rcc.o
HAL_RCC_DisableCSS                                build/stm32f1xx_hal_rcc.o
HAL_RCC_EnableCSS                                 build/stm32f1xx_hal_rcc.o
HAL_RCC_GetClockConfig                            build/stm32f1xx_hal_rcc.o
HAL_RCC_GetHCLKFreq                               build/stm32f1xx_hal_rcc.o
HAL_RCC_GetOscConfig                              build/stm32f1xx_hal_rcc.o
HAL_RCC_GetPCLK1Freq                              build/stm32f1xx_hal_rcc.o
                                                  build/stm32f1xx_hal_uart.o
HAL_RCC_GetPCLK2Freq                              build/stm32f1xx_hal_rcc.o
                                                  build/stm32f1xx_hal_uart.o
                                                  build/stm32f1xx_hal_rcc_ex.o
HAL_RCC_GetSysClockFreq                           build/stm32f1xx_hal_rcc.o
HAL_RCC_MCOConfig                                 build/stm32f1xx_hal_rcc.o
HAL_RCC_NMI_IRQHandler                            build/stm32f1xx_hal_rcc.o
HAL_RCC_OscConfig                                 build/stm32f1xx_hal_rcc.o
                                                  build/target_tests.o
HAL_ResumeTick                                    build/stm32f1xx_hal.o
HAL_SPI_Abort                                     build/stm32f1xx_hal_spi.o
HAL_SPI_AbortCpltCallback                         build/stm32f1xx_hal_spi.o
HAL_SPI_Abort_IT                                  build/stm32f1xx_hal_spi.o
HAL_SPI_DMAPause                                  build/stm32f1xx_hal_spi.o
HAL_SPI_DMAResume                                 build/stm32f1xx_hal_spi.o
HAL_SPI_DMAStop                                   build/stm32f1xx_hal_spi.o
HAL_SPI_DeInit                                    build/stm32f1xx_hal_spi.o
HAL_SPI_ErrorCallback                             build/stm32f1xx_hal_spi.o
HAL_SPI_GetError                                  build/stm32f1xx_hal_spi.o
HAL_SPI_GetState                                  build/stm32f1xx_hal_spi.o
HAL_SPI_IRQHandler                                build/stm32f1xx_hal_spi.o
HAL_SPI_Init                                      build/stm32f1xx_hal_spi.o
                                                  build/target_tests.o
HAL_SPI_MspDeInit                                 build/stm32f1xx_hal_msp.o
HAL_SPI_MspInit                                   build/stm32f1xx_hal_msp.o
HAL_SPI_Receive                                   build/stm32f1xx_hal_spi.o
HAL_SPI_Receive_DMA                               build/stm32f1xx_hal_spi.o
HAL_SPI_Receive_IT                                build/stm32f1xx_hal_spi.o
HAL_SPI_RxCpltCallback                            build/stm32f1xx_hal_spi.o
HAL_SPI_RxHalfCpltCallback                        build/stm32f1xx_hal_spi.o
HAL_SPI_Transmit                                  build/stm32f1xx_hal_spi.o
                                                  build/flash_driver_io.o
HAL_SPI_TransmitReceive                           build/stm32f1xx_hal_spi.o
                                                  build/flash_driver_io.o
HAL_SPI_TransmitReceive_DMA                       build/stm32f1xx_hal_spi.o
HAL_SPI_TransmitReceive_IT                        build/stm32f1xx_hal_spi.o
HAL_SPI_Transmit_DMA                              build/stm32f1xx_hal_spi.o
HAL_SPI_Transmit_IT                               build/stm32f1xx_hal_spi.o
HAL_SPI_TxCpltCallback                            build/stm32f1xx_hal_spi.o
HAL_SPI_TxHalfCpltCallback                        build/stm32f1xx_hal_spi.o
HAL_SPI_TxRxCpltCallback                          build/stm32f1xx_hal_spi.o
HAL_SPI_TxRxHalfCpltCallback                      build/stm32f1xx_hal_spi.o
HAL_SYSTICK_CLKSourceConfig                       build/stm32f1xx_hal_cortex.o
HAL_SYSTICK_Callback                              build/stm32f1xx_hal_cortex.o
HAL_SYSTICK_Config                                build/stm32f1xx_hal_cortex.o
                                                  build/stm32f1xx_hal.o
HAL_SYSTICK_IRQHandler                            build/stm32f1xx_hal_cortex.o
HAL_SetTickFreq                                   build/stm32f1xx_hal.o
HAL_SuspendTick                                   build/stm32f1xx_hal.o
HAL_UARTEx_GetRxEventType                         build/stm32f1xx_hal_uart.o
HAL_UARTEx_ReceiveToIdle                          build/stm32f1xx_hal_uart.o
HAL_UARTEx_ReceiveToIdle_DMA                      build/stm32f1xx_hal_uart.o
HAL_UARTEx_ReceiveToIdle_IT                       build/stm32f1xx_hal_uart.o
HAL_UARTEx_RxEventCallback                        build/stm32f1xx_hal_uart.o
HAL_UART_Abort                                    build/stm32f1xx_hal_uart.o
HAL_UART_AbortCpltCallback                        build/stm32f1xx_hal_uart.o
HAL_UART_AbortReceive                             build/stm32f1xx_hal_uart.o
HAL_UART_AbortReceiveCpltCallback                 build/stm32f1xx_hal_uart.o
HAL_UART_AbortReceive_IT                          build/stm32f1xx_hal_uart.o
HAL_UART_AbortTransmit                            build/stm32f1xx_hal_uart.o
HAL_UART_AbortTransmitCpltCallback                build/stm32f1xx_hal_uart.o
HAL_UART_AbortTransmit_IT                         build/stm32f1xx_hal_uart.o
HAL_UART_Abort_IT                                 build/stm32f1xx_hal_uart.o
HAL_UART_DMAPause                                 build/stm32f1xx_hal_uart.o
HAL_UART_DMAResume                                build/stm32f1xx_hal_uart.o
HAL_UART_DMAStop                                  build/stm32f1xx_hal_uart.o
HAL_UART_DeInit                                   build/stm32f1xx_hal_uart.o
HAL_UART_ErrorCallback                            build/stm32f1xx_hal_uart.o
HAL_UART_GetError                                 build/stm32f1xx_hal_uart.o
HAL_UART_GetState                                 build/stm32f1xx_hal_uart.o
HAL_UART_IRQHandler                               build/stm32f1xx_hal_uart.o
HAL_UART_Init                                     build/stm32f1xx_hal_uart.o
                                                  build/target_tests.o
HAL_UART_MspDeInit                                build/stm32f1xx_hal_msp.o
HAL_UART_MspInit                                  build/stm32f1xx_hal_msp.o
HAL_UART_Receive                                  build/stm32f1xx_hal_uart.o
HAL_UART_Receive_DMA                              build/stm32f1xx_hal_uart.o
HAL_UART_Receive_IT                               build/stm32f1xx_hal_uart.o
HAL_UART_RxCpltCallback                           build/stm32f1xx_hal_uart.o
HAL_UART_RxHalfCpltCallback                       build/stm32f1xx_hal_uart.o
HAL_UART_Transmit                                 build/stm32f1xx_hal_uart.o
                                                  build/target_tests.o
HAL_UART_Transmit_DMA                             build/stm32f1xx_hal_uart.o
HAL_UART_Transmit_IT                              build/stm32f1xx_hal_uart.o
HAL_UART_TxCpltCallback                           build/stm32f1xx_hal_uart.o
HAL_UART_TxHalfCpltCallback                       build/stm32f1xx_hal_uart.o
HardFault_Handler                                 build/stm32f1xx_it.o
I2C1_ER_IRQHandler                                build/startup_stm32f103xb.o
I2C1_EV_IRQHandler                                build/startup_stm32f103xb.o
I2C2_ER_IRQHandler                                build/startup_stm32f103xb.o
I2C2_EV_IRQHandler                                build/startup_stm32f103xb.o
MemManage_Handler                                 build/stm32f1xx_it.o
NMI_Handler                                       build/stm32f1xx_it.o
PVD_IRQHandler                                    build/startup_stm32f103xb.o
PendSV_Handler                                    build/stm32f1xx_it.o
RCC_IRQHandler                                    build/startup_stm32f103xb.o
RTC_Alarm_IRQHandler                              build/startup_stm32f103xb.o
RTC_IRQHandler                                    build/startup_stm32f103xb.o
Reset_Handler                                     build/startup_stm32f103xb.o
SPI1_IRQHandler                                   build/startup_stm32f103xb.o
SPI2_IRQHandler                                   build/startup_stm32f103xb.o
SVC_Handler                                       build/stm32f1xx_it.o
SysTick_Handler                                   build/stm32f1xx_it.o
SystemClock_Config                                build/target_tests.o
SystemCoreClock                                   build/system_stm32f1xx.o
                                                  build/stm32f1xx_hal_rcc.o
                                                  build/stm32f1xx_hal.o
                                                  build/stm32f1xx_hal_spi.o
SystemCoreClockUpdate                             build/system_stm32f1xx.o
SystemInit                                        build/system_stm32f1xx.o
                                                  build/startup_stm32f103xb.o
TAMPER_IRQHandler                                 build/startup_stm32f103xb.o
TEST_flash_driver_GROUP_RUNNER                    build/flash_driver_test_runner.o
                                                  build/target_tests.o
TEST_flash_driver_SETUP                           build/flash_driver_test.o
TEST_flash_driver_TEAR_DOWN                       build/flash_driver_test.o
TEST_flash_driver_check_link_success_             build/flash_driver_test.o
TEST_flash_driver_check_link_success_run          build/flash_driver_test.o
                                                  build/flash_driver_test_runner.o
TEST_flash_driver_random_write_and_read_byte_success_ build/flash_driver_test.o
TEST_flash_driver_random_write_and_read_byte_success_run build/flash_driver_test.o
                                                  build/flash_driver_test_runner.o
TEST_flash_driver_write_and_read_multiple_pages_success_ build/flash_driver_test.o
TEST_flash_driver_write_and_read_multiple_pages_success_run build/flash_driver_test.o
                                                  build/flash_driver_test_runner.o
TEST_flash_driver_write_and_read_page_success_    build/flash_driver_test.o